[ukzn.ac.za/index.html]
[backblue.gif]
[fade.gif]
[index.html]
[z3t9t3v4.stackpathcdn.com/wp-content/themes/ukznmainsite/css/images/ukzn-icon.png]
[z3t9t3v4.stackpathcdn.com/wp-content/cache/wpfc-minified/eetpi0y4/2ifa8.css]
[z3t9t3v4.stackpathcdn.com/wp-content/uploads/elementor/css/post-16417fa61.css]
[z3t9t3v4.stackpathcdn.com/wp-content/cache/wpfc-minified/de6wdyyd/2ifal.css]
[z3t9t3v4.stackpathcdn.com/wp-content/cache/wpfc-minified/fttyiqrk/2ifal.css]
[ukzn.ac.za/wp-json/wp/v2/pages/5.json]
[ukzn.ac.za/wp-json/index.html]
[ukzn.ac.za/wp-json/oembed/1.0/embed2c95.json]
[ukzn.ac.za/wp-json/oembed/1.0/embedafbd]
[ukzn.ac.za/about-ukzn/directions-to-campuses/index.html]
[ukzn.ac.za/site-index/index.html]
[z3t9t3v4.stackpathcdn.com/wp-content/themes/ukznmainsite/css/images/twitter.png]
[z3t9t3v4.stackpathcdn.com/wp-content/themes/ukznmainsite/css/images/facebook.png]
[ukzn.ac.za/directory-of-experts/index.html]
[z3t9t3v4.stackpathcdn.com/wp-content/themes/ukznmainsite/css/images/youtube.png]
[z3t9t3v4.stackpathcdn.com/wp-content/plugins/wp-fastest-cache-premium/pro/images/blank.gif]
[ukzn.ac.za/feed/index.html]
[ukzn.ac.za/students/students/index.html]
[ukzn.ac.za/staff/staff/index.html]
[ukzn.ac.za/about-ukzn/history/index.html]
[ukzn.ac.za/about-ukzn/vision-and-mission/index.html]
[ukzn.ac.za/about-ukzn/ukzn-statute/index.html]
[ukzn.ac.za/about-ukzn/organisational-structure/index.html]
[ukzn.ac.za/about-ukzn/promotional-video/index.html]
[ukzn.ac.za/about-ukzn/pact/index.html]
[ukzn.ac.za/about-ukzn/magna-charta-universitatum/index.html]
[ukzn.ac.za/about-ukzn/chancellor/index.html]
[ukzn.ac.za/about-ukzn/vice-chancellor/index.html]
[ukzn.ac.za/about-ukzn/executive-management/index.html]
[ukzn.ac.za/about-ukzn/council/index.html]
[ukzn.ac.za/about-ukzn/senate/index.html]
[ukzn.ac.za/about-ukzn/the-institutional-forum-of-ukzn/index.html]
[ukzn.ac.za/about-ukzn/campuses/index.html]
[ukzn.ac.za/about-ukzn/campusaerial/index.html]
[ukzn.ac.za/media-publications-reports/publications/index.html]
[ukzn.ac.za/media-publications-reports/ukzn-ndabaonline/index.html]
[ukzn.ac.za/media-publications-reports/community-outreach/index.html]
[ukzn.ac.za/media-publications-reports/ntouch/index.html]
[ukzn.ac.za/media-publications-reports/ukzndaba/index.html]
[ukzn.ac.za/media-publications-reports/ukzn-at-a-glance/index.html]
[ukzn.ac.za/media-publications-reports/annual-reports/index.html]
[ukzn.ac.za/media-publications-reports/research-reports/index.html]
[ukzn.ac.za/media-publications-reports/reports/results-of-hiv-survey/index.html]
[ukzn.ac.za/contact-us/general/index.html]
[ukzn.ac.za/support-services/support-services/index.html]
[ukzn.ac.za/graduation/collection-of-degree-diploma-certificates-conferred/index.html]
[ukzn.ac.za/inaugural-lectures-2022/index.html]
[ukzn.ac.za/news/ukzn-student-elected-samsa-president/index.html]
[ukzn.ac.za/news/top-physicists-get-down-to-business-in-durban-schools/index.html]
[ukzn.ac.za/news/spotlight-awards-for-education-students/index.html]
[ukzn.ac.za/news/index.html]
[ukzn.ac.za/news/law-academic-runner-up-in-national-three-minute-thesis-competition/index.html]
[ukzn.ac.za/ukzn-notice/meet-our-graduates-dr-sanele-gamede-talks-about-the-dynamics-of-parenting-in-academia/index.html]
[ukzn.ac.za/ukzn-notice/inaugural-lecture-by-professor-kavilan-moodley-a-cosmic-odyssey/index.html]
[ukzn.ac.za/ukzn-notice/caes-online-event-women-in-analytics-and-dudes-in-data/index.html]
[ukzn.ac.za/ukzn-notices/events/index.html]
[ukzn.ac.za/ukzn-notice/workshops-and-roundtable-discussions-task-36-of-the-international-energy-agency/index.html]
[z3t9t3v4.stackpathcdn.com/wp-content/cache/wpfc-minified/eparerg/2ifal.css]
[ukzn.ac.za/explore-ukzn/explore-ukzn/index.html]
[ukzn.ac.za/spotlight/ethics-at-ukzn/index.html]
[ukzn.ac.za/spotlight/ukzn-course-guidance/index.html]
[ukzn.ac.za/our-stories/ayanda-mpama/index.html]
[ukzn.ac.za/uncategorized/open-ukzn/index.html]
[ukzn.ac.za/our-stories/oregan-percival-mark-hoskins/index.html]
[ukzn.ac.za/our-stories/jessica-nkosi/index.html]
[ukzn.ac.za/our-stories/mthokozisi-dj-tira-khathi/index.html]
[ukzn.ac.za/our-stories/musa-kika/index.html]
[z3t9t3v4.stackpathcdn.com/wp-includes/js/jquery/jquery.minaf6c.js]
[ukzn.ac.za/our-stories/thulile-zama/index.html]
[ukzn.ac.za/general/information-act/index.html]
[ukzn.ac.za/general/privacy-policy/index.html]
[z3t9t3v4.stackpathcdn.com/wp-includes/js/jquery/jquery-migrate.mind617.js]
[z3t9t3v4.stackpathcdn.com/wp-content/plugins/elementor/assets/lib/font-awesome/js/v4-shims.min9e95.js]
[wchat.freshchat.com/js/widget.js]
[z3t9t3v4.stackpathcdn.com/wp-content/plugins/content-views-query-and-display-post-page/public/assets/js/cv0875.js]
[z3t9t3v4.stackpathcdn.com/wp-content/themes/ukznmainsite/js/theme.min6eaa.js]
[z3t9t3v4.stackpathcdn.com/wp-content/plugins/elementskit-lite/libs/framework/assets/js/frontend-scriptae29.js]
[z3t9t3v4.stackpathcdn.com/wp-content/plugins/elementskit-lite/widgets/init/assets/js/widget-scriptsae29.js]
[z3t9t3v4.stackpathcdn.com/wp-content/plugins/ubermenu/assets/js/ubermenu.min3621.js]
[z3t9t3v4.stackpathcdn.com/wp-content/plugins/ubermenu/custom/custom3621.js]
[z3t9t3v4.stackpathcdn.com/wp-content/plugins/wp-responsive-recent-post-slider/assets/js/slick.minb12b.js]
[z3t9t3v4.stackpathcdn.com/wp-content/plugins/wp-responsive-recent-post-slider/assets/js/wppsac-publicb12b.js]
[z3t9t3v4.stackpathcdn.com/wp-includes/js/mediaelement/mediaelement-and-player.min08e1.js]
[z3t9t3v4.stackpathcdn.com/wp-includes/js/mediaelement/mediaelement-migrate.min00e7.js]
[z3t9t3v4.stackpathcdn.com/wp-includes/js/mediaelement/wp-mediaelement.min00e7.js]
[z3t9t3v4.stackpathcdn.com/wp-includes/js/mediaelement/renderers/vimeo.min08e1.js]
[ukzn.ac.za/index.html]
[ukzn.ac.za/xmlrpc.php]
[z3t9t3v4.stackpathcdn.com/wp-content/themes/ukznmainsite/css/images/search.png]
[z3t9t3v4.stackpathcdn.com/wp-content/themes/ukznmainsite/css/images/bg.jpg]
[z3t9t3v4.stackpathcdn.com/wp-content/themes/ukznmainsite/css/images/MWMakgoba-buildingoverlay69.png]
[z3t9t3v4.stackpathcdn.com/wp-content/themes/ukznmainsite/css/images/arrow.png]
[z3t9t3v4.stackpathcdn.com/wp-content/themes/ukznmainsite/css/images/howard-mtb-blurred.jpg]
[z3t9t3v4.stackpathcdn.com/wp-content/themes/ukznmainsite/css/images/feat.jpg]
[z3t9t3v4.stackpathcdn.com/wp-content/themes/ukznmainsite/css/images/footer.jpg]
[z3t9t3v4.stackpathcdn.com/wp-content/themes/ukznmainsite/css/images/plus.png]
[z3t9t3v4.stackpathcdn.com/wp-content/themes/ukznmainsite/css/images/discover.jpg]
[z3t9t3v4.stackpathcdn.com/wp-content/themes/ukznmainsite/css/images/media.png]
[z3t9t3v4.stackpathcdn.com/wp-content/themes/ukznmainsite/css/images/videos.png]
[z3t9t3v4.stackpathcdn.com/wp-content/themes/ukznmainsite/css/images/other.png]
[z3t9t3v4.stackpathcdn.com/wp-content/themes/ukznmainsite/css/images/minus.png]
[z3t9t3v4.stackpathcdn.com/wp-content/themes/ukznmainsite/css/images/tw.png]
[z3t9t3v4.stackpathcdn.com/wp-content/themes/ukznmainsite/css/images/fb.png]
[z3t9t3v4.stackpathcdn.com/wp-content/themes/ukznmainsite/css/images/yt.png]
[z3t9t3v4.stackpathcdn.com/wp-content/themes/ukznmainsite/css/images/rsss.png]
[z3t9t3v4.stackpathcdn.com/wp-content/themes/ukznmainsite/css/images/MWMakgoba-buildingoverlay50.png]
[z3t9t3v4.stackpathcdn.com/wp-content/themes/ukznmainsite/css/images/pdf-flat.png]
[z3t9t3v4.stackpathcdn.com/wp-content/themes/ukznmainsite/css/images/doc-flat.png]
[z3t9t3v4.stackpathcdn.com/wp-content/themes/ukznmainsite/css/images/jpg-flat.png]
[z3t9t3v4.stackpathcdn.com/wp-content/themes/ukznmainsite/css/images/discover-grey.jpg]
[z3t9t3v4.stackpathcdn.com/wp-content/cache/wpfc-minified/eetpi0y4/2ifa8.css]
[z3t9t3v4.stackpathcdn.com/wp-content/plugins/wp-responsive-recent-post-slider/assets/images/ajax-loader.gif]
[z3t9t3v4.stackpathcdn.com/wp-content/cache/wpfc-minified/de6wdyyd/2ifal.css]
[z3t9t3v4.stackpathcdn.com/wp-content/uploads/elementor/css/post-16417fa61.css]
[z3t9t3v4.stackpathcdn.com/wp-content/plugins/elementskit-lite/widgets/init/assets/img/arrow.png]
[z3t9t3v4.stackpathcdn.com/wp-content/cache/wpfc-minified/fttyiqrk/2ifal.css]
[z3t9t3v4.stackpathcdn.com/wp-content/cache/wpfc-minified/jlq767ls/2ifa8.css]
[ukzn.ac.za/wp-json/wp/v2/posts/4378.json]
[ukzn.ac.za/wp-json/oembed/1.0/embede5a0.json]
[ukzn.ac.za/wp-json/oembed/1.0/embed7518]
[ukzn.ac.za/about-ukzn/directions-to-campuses/index.html]
[z3t9t3v4.stackpathcdn.com/wp-content/themes/ukznmainsite/css/ukzn.css]
[ukzn.ac.za/category/about-ukzn/index.html]
[z3t9t3v4.stackpathcdn.com/wp-content/themes/ukznmainsite/css/theme.css]
[z3t9t3v4.stackpathcdn.com/wp-content/themes/ukznmainsite/css/font-awesome.css]
[z3t9t3v4.stackpathcdn.com/wp-content/plugins/content-views-query-and-display-post-page/public/assets/css/cv0875.css]
[z3t9t3v4.stackpathcdn.com/wp-includes/css/dist/block-library/style.min00e7.css]
[z3t9t3v4.stackpathcdn.com/wp-content/plugins/wp-responsive-recent-post-slider/assets/css/slickb12b.css]
[z3t9t3v4.stackpathcdn.com/wp-content/plugins/wp-responsive-recent-post-slider/assets/css/recent-post-styleb12b.css]
[z3t9t3v4.stackpathcdn.com/wp-content/plugins/elementskit-lite/modules/elementskit-icon-pack/assets/css/ekiticonsae29.css]
[z3t9t3v4.stackpathcdn.com/wp-content/plugins/tablepress/css/default.mind50e.css]
[z3t9t3v4.stackpathcdn.com/wp-content/plugins/ubermenu/pro/assets/css/ubermenu.min3621.css]
[z3t9t3v4.stackpathcdn.com/wp-content/plugins/ubermenu/assets/fontawesome/css/all.min00e7.css]
[z3t9t3v4.stackpathcdn.com/wp-content/plugins/ubermenu/custom/custom3621.css]
[z3t9t3v4.stackpathcdn.com/wp-content/plugins/elementskit-lite/widgets/init/assets/css/widget-stylesae29.css]
[z3t9t3v4.stackpathcdn.com/wp-content/plugins/elementskit-lite/widgets/init/assets/css/responsiveae29.css]
[z3t9t3v4.stackpathcdn.com/wp-content/themes/ukznmainsite/css/images/ukzn-instagram.png]
[z3t9t3v4.stackpathcdn.com/wp-content/themes/ukznmainsite/css/images/rss.png]
[z3t9t3v4.stackpathcdn.com/wp-content/themes/ukznmainsite/css/images/ukzn-logo.jpg]
[z3t9t3v4.stackpathcdn.com/wp-content/uploads/2017/05/ndaba_logo3.png]
[ukzn.ac.za/directory-of-experts/index.html]
[ukzn.ac.za/directory-of-experts/mr-anthony-howard-walker/index.html]
[ukzn.ac.za/directory-of-experts/mrs-shelley-donnelly/index.html]
[ukzn.ac.za/directory-of-experts/professor-mabutho-sibanda/index.html]
[ukzn.ac.za/directory-of-experts/dr-nishani-harinarain/index.html]
[ukzn.ac.za/directory-of-experts/professor-kovin-s-naidoo/index.html]
[ukzn.ac.za/directory-of-experts/professor-keshlan-govinder/index.html]
[ukzn.ac.za/directory-of-experts/dr-veena-s-singaram/index.html]
[ukzn.ac.za/directory-of-experts/dr-moganavelli-singh/index.html]
[ukzn.ac.za/directory-of-experts/professor-gueguim-kana-evariste/index.html]
[ukzn.ac.za/directory-of-experts/professor-stephen-mutula/index.html]
[ukzn.ac.za/directory-of-experts/mrs-muhle-sibisi/index.html]
[ukzn.ac.za/directory-of-experts/dr-alistair-clulow/index.html]
[ukzn.ac.za/directory-of-experts/dr-deborah-robertson-andersson/index.html]
[ukzn.ac.za/directory-of-experts/dr-rajshekhar-karpoormath/index.html]
[ukzn.ac.za/directory-of-experts/dr-paul-august-winter/index.html]
[ukzn.ac.za/directory-of-experts/mr-tony-ngwenya/index.html]
[ukzn.ac.za/directory-of-experts/dr-suveshnee-munien/index.html]
[ukzn.ac.za/directory-of-experts/professor-pgl-leach/index.html]
[ukzn.ac.za/directory-of-experts/mr-sandile-mnguni/index.html]
[ukzn.ac.za/directory-of-experts/dr-brian-kwazi-majola/index.html]
[ukzn.ac.za/directory-of-experts/mrs-vanessa-gregory/index.html]
[ukzn.ac.za/directory-of-experts/dr-sandile-mbokazi/index.html]
[ukzn.ac.za/directory-of-experts/emeritus-professor-j-moodley/index.html]
[ukzn.ac.za/directory-of-experts/11817/index.html]
[ukzn.ac.za/directory-of-experts/professor-denis-brothers/index.html]
[ukzn.ac.za/site-index/index.html]
[ukzn.ac.za/directory-of-experts/dr-faraimunashe-chirove/index.html]
[ukzn.ac.za/directory-of-experts/emeritus-professor-roland-schulze/index.html]
[ukzn.ac.za/directory-of-experts/mrs-mildred-nomkhosi-nzimande/index.html]
[ukzn.ac.za/directory-of-experts/dr-pravin-singh/index.html]
[ukzn.ac.za/directory-of-experts/dr-dumsani-mncube/index.html]
[ukzn.ac.za/wp-json/wp/v2/posts/5406.json]
[ukzn.ac.za/directory-of-experts/dr-romano-lottering/index.html]
[ukzn.ac.za/directory-of-experts/professor-darma-mahadea/index.html]
[ukzn.ac.za/directory-of-experts/dr-bernard-matolino/index.html]
[ukzn.ac.za/wp-json/oembed/1.0/embed9f5b.json]
[ukzn.ac.za/directory-of-experts/dr-antoinette-toni-damant/index.html]
[ukzn.ac.za/directory-of-experts/dr-evelyn-derera/index.html]
[ukzn.ac.za/directory-of-experts/gordon-fakude/index.html]
[ukzn.ac.za/directory-of-experts/11765/index.html]
[ukzn.ac.za/wp-json/oembed/1.0/embed5dc4]
[ukzn.ac.za/directory-of-experts/honorary-professor-julie-parle/index.html]
[ukzn.ac.za/directory-of-experts/dr-desiree-manicom/index.html]
[ukzn.ac.za/directory-of-experts/dr-julia-clare/index.html]
[ukzn.ac.za/directory-of-experts/dr-siyabonga-dlamini/index.html]
[ukzn.ac.za/directory-of-experts/mrs-eshara-dowlath/index.html]
[ukzn.ac.za/directory-of-experts/professor-anil-chuturgoon/index.html]
[ukzn.ac.za/directory-of-experts/professor-himansu-baijnath/index.html]
[ukzn.ac.za/directory-of-experts/professor-mp-watt/index.html]
[ukzn.ac.za/directory-of-experts/professor-emeritus-abul-fadl-mohsin-ebrahim/index.html]
[ukzn.ac.za/directory-of-experts/dr-henry-nkhanedzeni-muribwathoho/index.html]
[ukzn.ac.za/directory-of-experts/dr-tivani-phosa-mashamba-thompson/index.html]
[ukzn.ac.za/directory-of-experts/dr-nokwanda-yoliswa-nzuza/index.html]
[ukzn.ac.za/directory-of-experts/mr-nigel-chiweshe/index.html]
[ukzn.ac.za/directory-of-experts/professor-sabiha-essack/index.html]
[ukzn.ac.za/directory-of-experts/ms-janine-hicks/index.html]
[ukzn.ac.za/directory-of-experts/dr-abdul-s-mahomed/index.html]
[ukzn.ac.za/directory-of-experts/dr-nathlee-abbai/index.html]
[ukzn.ac.za/directory-of-experts/ms-zamanguni-gumede/index.html]
[ukzn.ac.za/directory-of-experts/ms-hlengiwe-ndlela/index.html]
[ukzn.ac.za/directory-of-experts/professor-thomas-edward-ted-sommerville/index.html]
[ukzn.ac.za/students/students/index.html]
[ukzn.ac.za/directory-of-experts/dr-phocenah-nyatanga/index.html]
[ukzn.ac.za/directory-of-experts/ms-navitha-sewpersadh/index.html]
[ukzn.ac.za/directory-of-experts/dr-mihalis-chasomeris/index.html]
[ukzn.ac.za/directory-of-experts/mrs-kerry-mccullough/index.html]
[ukzn.ac.za/directory-of-experts/dr-msizi-mkhize/index.html]
[ukzn.ac.za/wp-json/wp/v2/posts/5422.json]
[ukzn.ac.za/directory-of-experts/mr-sakhile-mpungose/index.html]
[ukzn.ac.za/directory-of-experts/mr-barry-strydom/index.html]
[ukzn.ac.za/directory-of-experts/dr-bruce-rhodes/index.html]
[ukzn.ac.za/directory-of-experts/dr-josue-mbonigaba/index.html]
[ukzn.ac.za/wp-json/oembed/1.0/embed562d.json]
[ukzn.ac.za/directory-of-experts/professor-ahmed-s-thandar/index.html]
[ukzn.ac.za/directory-of-experts/dr-felipe-buttelli/index.html]
[ukzn.ac.za/directory-of-experts/professor-harold-ngalawa/index.html]
[ukzn.ac.za/directory-of-experts/professor-vincent-o-nyamori/index.html]
[ukzn.ac.za/wp-json/oembed/1.0/embed8684]
[ukzn.ac.za/directory-of-experts/dr-clint-le-bruyns/index.html]
[ukzn.ac.za/directory-of-experts/professor-raziya-bobat/index.html]
[ukzn.ac.za/directory-of-experts/dr-suren-moodley/index.html]
[ukzn.ac.za/directory-of-experts/professor-debbie-ellis/index.html]
[ukzn.ac.za/directory-of-experts/dr-mzamo-shozi/index.html]
[ukzn.ac.za/directory-of-experts/dr-brett-van-niekerk/index.html]
[ukzn.ac.za/directory-of-experts/dr-sumaiya-jamal-ally/index.html]
[ukzn.ac.za/directory-of-experts/dr-brenda-moodley/index.html]
[ukzn.ac.za/directory-of-experts/professor-david-spurrett/index.html]
[ukzn.ac.za/directory-of-experts/iain-kerr/index.html]
[ukzn.ac.za/directory-of-experts/professor-bonga-chiliza/index.html]
[z3t9t3v4.stackpathcdn.com/wp-content/cache/wpfc-minified/4rorl60/2ifcz.css]
[ukzn.ac.za/directory-of-experts/dr-pradeep-kumar/index.html]
[ukzn.ac.za/directory-of-experts/mr-jahvaid-hammujuddy/index.html]
[ukzn.ac.za/directory-of-experts/dr-jemma-finch/index.html]
[z3t9t3v4.stackpathcdn.com/wp-content/plugins/elementor/assets/js/webpack.runtime.min9e95.js]
[ukzn.ac.za/directory-of-experts/professor-werner-van-zyl/index.html]
[ukzn.ac.za/directory-of-experts/professor-radhamany-sooryamoorthy/index.html]
[ukzn.ac.za/directory-of-experts/mr-david-vusi-dlamini/index.html]
[z3t9t3v4.stackpathcdn.com/wp-content/plugins/elementor/assets/js/frontend-modules.min9e95.js]
[ukzn.ac.za/directory-of-experts/mr-alvin-munsamy/index.html]
[ukzn.ac.za/directory-of-experts/dr-donrich-jordaan/index.html]
[ukzn.ac.za/directory-of-experts/mr-vishal-surbun/index.html]
[z3t9t3v4.stackpathcdn.com/wp-content/plugins/elementor/assets/lib/waypoints/waypoints.min05da.js]
[ukzn.ac.za/directory-of-experts/dr-adam-shuttleworth/index.html]
[ukzn.ac.za/directory-of-experts/professor-rajendra-bhimma/index.html]
[ukzn.ac.za/directory-of-experts/dr-timothy-hardcastle/index.html]
[z3t9t3v4.stackpathcdn.com/wp-includes/js/jquery/ui/core.min0028.js]
[ukzn.ac.za/directory-of-experts/mr-phephani-gumbi/index.html]
[ukzn.ac.za/directory-of-experts/mr-mwitwa-chilufya/index.html]
[ukzn.ac.za/directory-of-experts/professor-indresan-govender/index.html]
[ukzn.ac.za/directory-of-experts/__trashed-3/index.html]
[z3t9t3v4.stackpathcdn.com/wp-content/plugins/elementor/assets/lib/swiper/swiper.min48f5.js]
[ukzn.ac.za/directory-of-experts/dr-asheena-singh-pillay/index.html]
[ukzn.ac.za/directory-of-experts/__trashed-2/index.html]
[ukzn.ac.za/directory-of-experts/professor-theuns-pelser/index.html]
[ukzn.ac.za/directory-of-experts/professor-micheline-naude/index.html]
[z3t9t3v4.stackpathcdn.com/wp-content/plugins/elementor/assets/lib/share-link/share-link.min9e95.js]
[ukzn.ac.za/directory-of-experts/professor-stefan-schmidt/index.html]
[ukzn.ac.za/directory-of-experts/professor-hussein-shimelis/index.html]
[ukzn.ac.za/directory-of-experts/professor-gonasageran-naidoo/index.html]
[z3t9t3v4.stackpathcdn.com/wp-content/plugins/elementor/assets/lib/dialog/dialog.mind227.js]
[ukzn.ac.za/directory-of-experts/dr-carlos-loureiro/index.html]
[ukzn.ac.za/directory-of-experts/dr-riven-narain/index.html]
[ukzn.ac.za/directory-of-experts/professor-sanjana-brijball-parumasur/index.html]
[z3t9t3v4.stackpathcdn.com/wp-content/plugins/elementor/assets/js/frontend.min9e95.js]
[ukzn.ac.za/directory-of-experts/professor-gert-kruger/index.html]
[ukzn.ac.za/directory-of-experts/professor-bice-martincigh/index.html]
[ukzn.ac.za/directory-of-experts/dr-christina-curry/index.html]
[z3t9t3v4.stackpathcdn.com/wp-content/plugins/elementskit-lite/widgets/init/assets/js/animate-circleae29.js]
[ukzn.ac.za/directory-of-experts/dr-upasana-g-singh/index.html]
[ukzn.ac.za/directory-of-experts/mr-sanele-gumede/index.html]
[ukzn.ac.za/directory-of-experts/patrick-mweli/index.html]
[ukzn.ac.za/directory-of-experts/professor-naven-chetty/index.html]
[z3t9t3v4.stackpathcdn.com/wp-content/plugins/elementskit-lite/widgets/init/assets/js/elementorae29.js]
[ukzn.ac.za/directory-of-experts/professor-ziska-fields/index.html]
[ukzn.ac.za/directory-of-experts/mrs-colleen-edith-archer/index.html]
[ukzn.ac.za/directory-of-experts/professor-daya-moodley/index.html]
[ukzn.ac.za/directory-of-experts/ms-sindiso-chamane/index.html]
[z3t9t3v4.stackpathcdn.com/wp-content/plugins/elementor/assets/js/preloaded-modules.min9e95.js]
[ukzn.ac.za/staff/staff/index.html]
[ukzn.ac.za/directory-of-experts/dr-raj-rajaram/index.html]
[ukzn.ac.za/directory-of-experts/professor-rajen-naidoo/index.html]
[ukzn.ac.za/category/students/index.html]
[ukzn.ac.za/directory-of-experts/claudia-loggia/index.html]
[ukzn.ac.za/students/academic-support/index.html]
[ukzn.ac.za/students/caring-for-students-needs/index.html]
[ukzn.ac.za/wp-json/wp/v2/posts/4294.json]
[ukzn.ac.za/students/sports-recreation/index.html]
[ukzn.ac.za/students/student-governance-activities/index.html]
[ukzn.ac.za/general/shuttle-timetable/index.html]
[ukzn.ac.za/wp-json/oembed/1.0/embed4032.json]
[ukzn.ac.za/category/staff/index.html]
[ukzn.ac.za/author/bharat/index.html]
[ukzn.ac.za/staff/medical-scheme/index.html]
[ukzn.ac.za/wp-json/oembed/1.0/embed1d35]
[ukzn.ac.za/about-ukzn/history/index.html]
[ukzn.ac.za/about-ukzn/history-zu/index.html]
[ukzn.ac.za/wp-json/wp/v2/posts/14798.json]
[ukzn.ac.za/wp-json/oembed/1.0/embedfaa8.json]
[ukzn.ac.za/about-ukzn/vision-and-mission/index.html]
[ukzn.ac.za/wp-json/oembed/1.0/embed8c38]
[ukzn.ac.za/about-ukzn/ukzn-transformation-charter/index.html]
[ukzn.ac.za/wp-json/wp/v2/posts/4303.json]
[ukzn.ac.za/wp-json/oembed/1.0/embed979a.json]
[ukzn.ac.za/about-ukzn/ukzn-statute/index.html]
[ukzn.ac.za/wp-json/oembed/1.0/embed0422]
[ukzn.ac.za/tag/zulu-translations/index.html]
[ukzn.ac.za/about-ukzn/vision-and-mission-zu/index.html]
[ukzn.ac.za/wp-json/wp/v2/posts/4314.json]
[ukzn.ac.za/wp-json/oembed/1.0/embed012d.json]
[ukzn.ac.za/wp-json/oembed/1.0/embed37bb]
[ukzn.ac.za/about-ukzn/organisational-structure/index.html]
[ukzn.ac.za/about-ukzn/organisational-structure-zu/index.html]
[ukzn.ac.za/about-ukzn/strategic-plan/index.html]
[ukzn.ac.za/wp-json/wp/v2/posts/4380.json]
[ukzn.ac.za/wp-json/oembed/1.0/embedccd9.json]
[ukzn.ac.za/wp-json/oembed/1.0/embed1711]
[ukzn.ac.za/about-ukzn/promotional-video/index.html]
[ukzn.ac.za/wp-json/wp/v2/posts/4305.json]
[ukzn.ac.za/wp-json/oembed/1.0/embed44b5.json]
[ukzn.ac.za/wp-json/oembed/1.0/embed005e]
[ukzn.ac.za/about-ukzn/pact/index.html]
[ukzn.ac.za/about-ukzn/pact-zu/index.html]
[ukzn.ac.za/wp-json/wp/v2/posts/4327.json]
[ukzn.ac.za/wp-json/oembed/1.0/embedf2ec.json]
[ukzn.ac.za/about-ukzn/magna-charta-universitatum/index.html]
[ukzn.ac.za/wp-json/oembed/1.0/embed359a]
[ukzn.ac.za/about-ukzn/campuses-zu/index.html]
[ukzn.ac.za/wp-json/wp/v2/posts/4329.json]
[ukzn.ac.za/wp-json/oembed/1.0/embed454f.json]
[ukzn.ac.za/wp-json/oembed/1.0/embed74cd]
[ukzn.ac.za/about-ukzn/chancellor/index.html]
[ukzn.ac.za/about-ukzn/chancellor-zu/index.html]
[ukzn.ac.za/wp-json/wp/v2/posts/4333.json]
[ukzn.ac.za/wp-json/oembed/1.0/embedbfbe.json]
[ukzn.ac.za/about-ukzn/vice-chancellor/index.html]
[ukzn.ac.za/wp-json/oembed/1.0/embed6a96]
[ukzn.ac.za/about-ukzn/vice-chancellor-zu/index.html]
[ukzn.ac.za/wp-json/wp/v2/posts/4343.json]
[ukzn.ac.za/wp-json/oembed/1.0/embedc526.json]
[ukzn.ac.za/wp-json/oembed/1.0/embed316c]
[ukzn.ac.za/about-ukzn/executive-management-zu/index.html]
[z3t9t3v4.stackpathcdn.com/wp-content/uploads/2017/02/Professor-Nhlanhla-Mkhize.jpg]
[ukzn.ac.za/about-ukzn/executive-management/index.html]
[ukzn.ac.za/wp-json/wp/v2/posts/4359.json]
[ukzn.ac.za/wp-json/oembed/1.0/embeda955.json]
[ukzn.ac.za/wp-json/oembed/1.0/embedca9c]
[ukzn.ac.za/about-ukzn/council-zu/index.html]
[ukzn.ac.za/about-ukzn/council/index.html]
[ukzn.ac.za/wp-json/wp/v2/posts/4364.json]
[ukzn.ac.za/wp-json/oembed/1.0/embedf5c5.json]
[ukzn.ac.za/wp-json/oembed/1.0/embed77c5]
[ukzn.ac.za/about-ukzn/senate/index.html]
[ukzn.ac.za/wp-json/wp/v2/posts/4368.json]
[ukzn.ac.za/about-ukzn/senate-zu/index.html]
[ukzn.ac.za/wp-json/oembed/1.0/embede137.json]
[ukzn.ac.za/wp-json/oembed/1.0/embed9925]
[ukzn.ac.za/wp-content/miscFiles/docs/institutional-forum/app-c-if-statute.doc]
[ukzn.ac.za/wp-content/miscFiles/docs/institutional-forum/app-e-submission-template-senate-norms-revision5eee.docx]
[ukzn.ac.za/wp-content/miscFiles/docs/institutional-forum-matters/if-submission-on-the-retirement-age-review-.docx]
[ukzn.ac.za/wp-content/miscFiles/docs/institutional-forum-matters/report-on-the-meeting-of-institutional-forums.docx]
[ukzn.ac.za/wp-content/miscFiles/docs/institutional-forum-matters/if-rep-on-council.docx]
[ukzn.ac.za/wp-content/miscFiles/docs/institutional-forum-matters/higher-education-act-of-1997-preamble.docx]
[ukzn.ac.za/wp-content/miscFiles/docs/institutional-forum-matters/enhancement-of-academic-democracy-at-ukzn.docx]
[ukzn.ac.za/wp-content/miscFiles/docs/institutional-forum-matters/closure-of-disciplines-31-aug-2015.docx]
[ukzn.ac.za/about-ukzn/the-institutional-forum-of-ukzn/index.html]
[ukzn.ac.za/wp-json/wp/v2/posts/4318.json]
[ukzn.ac.za/wp-json/oembed/1.0/embed16b6.json]
[ukzn.ac.za/wp-json/oembed/1.0/embeda787]
[ukzn.ac.za/about-ukzn/campuses/index.html]
[ukzn.ac.za/wp-json/wp/v2/posts/4382.json]
[ukzn.ac.za/wp-json/oembed/1.0/embedeb0d.json]
[ukzn.ac.za/wp-json/oembed/1.0/embeda64f]
[ukzn.ac.za/about-ukzn/campusaerial/index.html]
[ukzn.ac.za/media-publications-reports/development-brief/index.html]
[ukzn.ac.za/media-publications-reports/special-publications/index.html]
[ukzn.ac.za/media-publications-reports/publications/index.html]
[ukzn.ac.za/media-publications-reports/UKZNonline/index.html]
[ukzn.ac.za/media-publications-reports/cop17/index.html]
[ukzn.ac.za/media-publications-reports/ukzn-ndabaonline/index.html]
[z3t9t3v4.stackpathcdn.com/wp-content/uploads/2017/02/ukzn-community-outreach-2016.jpg]
[z3t9t3v4.stackpathcdn.com/wp-content/uploads/2017/02/ukzn-community-outreach-2016-.jpg]
[z3t9t3v4.stackpathcdn.com/wp-content/uploads/2017/02/community-outreach-2015.jpg]
[z3t9t3v4.stackpathcdn.com/wp-content/uploads/2017/02/community-outreach-2014.jpg]
[ukzn.ac.za/media-publications-reports/community-outreach/index.html]
[ukzn.ac.za/media-publications-reports/ntouch/index.html]
[ukzn.ac.za/media-publications-reports/ntouch/ntouch/index.html]
[ukzn.ac.za/media-publications-reports/ukzndaba/index.html]
[ukzn.ac.za/media-publications-reports/ukzn-at-a-glance/index.html]
[z3t9t3v4.stackpathcdn.com/wp-content/uploads/2022/08/Annual-Report-2021.png]
[z3t9t3v4.stackpathcdn.com/wp-content/uploads/2021/12/Annual-Report-2020.png]
[z3t9t3v4.stackpathcdn.com/wp-content/uploads/2020/12/Annual-Report-2019.png]
[z3t9t3v4.stackpathcdn.com/wp-content/uploads/2019/12/annual-report-2018.png]
[z3t9t3v4.stackpathcdn.com/wp-content/uploads/2018/12/UKZN-Annual-report-2017.jpg]
[z3t9t3v4.stackpathcdn.com/wp-content/uploads/2017/11/annual-report-2016.jpg]
[z3t9t3v4.stackpathcdn.com/wp-content/uploads/2017/02/annual-report-201531CD08DC7F56.jpg]
[z3t9t3v4.stackpathcdn.com/wp-content/uploads/2017/02/annual-report-2014.jpg]
[z3t9t3v4.stackpathcdn.com/wp-content/uploads/2017/02/annual-reprt-2013.jpg]
[z3t9t3v4.stackpathcdn.com/wp-content/uploads/2017/02/ukzn-annual-report-2012.jpg]
[ukzn.ac.za/media-publications-reports/annual-reports/index.html]
[z3t9t3v4.stackpathcdn.com/wp-content/uploads/2020/08/REsearch-repot-2018.png]
[z3t9t3v4.stackpathcdn.com/wp-content/uploads/2018/12/research-report-2017.jpg]
[z3t9t3v4.stackpathcdn.com/wp-content/uploads/2017/12/research-report-2016.jpg]
[z3t9t3v4.stackpathcdn.com/wp-content/uploads/2017/02/research-report-2015_.jpg]
[z3t9t3v4.stackpathcdn.com/wp-content/uploads/2017/02/research-report-2014_.jpg]
[z3t9t3v4.stackpathcdn.com/wp-content/uploads/2017/02/research-report-2013_.jpg]
[ukzn.ac.za/media-publications-reports/research-reports/index.html]
[ukzn.ac.za/media-publications-reports/reports/results-of-hiv-survey/index.html]
[ukzn.ac.za/media-publications-reports/reports/index.html]
[ukzn.ac.za/wp-json/wp/v2/posts/10302.json]
[ukzn.ac.za/wp-json/oembed/1.0/embed6abb.json]
[ukzn.ac.za/wp-json/oembed/1.0/embedc85b]
[ukzn.ac.za/support-services/support-services/index.html]
[ukzn.ac.za/category/support-services/index.html]
[ukzn.ac.za/wp-json/wp/v2/posts/5401.json]
[ukzn.ac.za/wp-json/oembed/1.0/embed08f2.json]
[ukzn.ac.za/wp-json/oembed/1.0/embed9a03]
[ukzn.ac.za/contact-us/general/index.html]
[ukzn.ac.za/category/contact-us/index.html]
[z3t9t3v4.stackpathcdn.com/wp-content/cache/wpfc-minified/140ux45c/2ifx1.css]
[z3t9t3v4.stackpathcdn.com/wp-content/uploads/elementor/css/post-180090e3c.css]
[z3t9t3v4.stackpathcdn.com/wp-content/cache/wpfc-minified/2msfwco8/2ifx1.css]
[ukzn.ac.za/wp-json/wp/v2/pages/18009.json]
[ukzn.ac.za/wp-json/oembed/1.0/embed3498.json]
[ukzn.ac.za/wp-json/oembed/1.0/embeddfc8]
[ukzn.ac.za/inaugural-lectures-2022/index.html]
[z3t9t3v4.stackpathcdn.com/wp-content/uploads/elementor/css/post-166416182.css]
[z3t9t3v4.stackpathcdn.com/wp-content/cache/wpfc-minified/g2sittm1/2ifxd.css]
[ukzn.ac.za/wp-json/wp/v2/posts/16641.json]
[ukzn.ac.za/wp-json/oembed/1.0/embed1db7.json]
[ukzn.ac.za/wp-json/oembed/1.0/embed4be2]
[ukzn.ac.za/graduation/collection-of-degree-diploma-certificates-conferred/index.html]
[ukzn.ac.za/wp-json/wp/v2/posts/18636.json]
[ukzn.ac.za/wp-json/oembed/1.0/embedba53.json]
[ukzn.ac.za/news/ukzn-student-elected-samsa-president/index.html]
[ukzn.ac.za/wp-json/oembed/1.0/embed9946]
[ukzn.ac.za/category/news/index.html]
[ukzn.ac.za/author/ukzn-admin-user/index.html]
[ukzn.ac.za/wp-json/wp/v2/posts/18633.json]
[ukzn.ac.za/wp-json/oembed/1.0/embedef53.json]
[ukzn.ac.za/wp-json/oembed/1.0/embed3336]
[ukzn.ac.za/news/top-physicists-get-down-to-business-in-durban-schools/index.html]
[ukzn.ac.za/wp-json/wp/v2/posts/18630.json]
[ukzn.ac.za/wp-json/oembed/1.0/embed5210.json]
[ukzn.ac.za/wp-json/oembed/1.0/embedb1fd]
[ukzn.ac.za/news/spotlight-awards-for-education-students/index.html]
[ukzn.ac.za/wp-json/wp/v2/posts/18627.json]
[ukzn.ac.za/wp-json/oembed/1.0/embedd23f.json]
[ukzn.ac.za/wp-json/oembed/1.0/embed49bd]
[ukzn.ac.za/news/law-academic-runner-up-in-national-three-minute-thesis-competition/index.html]
[ukzn.ac.za/news/research-psychology-masters-students-visit-hsrc-centre/index.html]
[ukzn.ac.za/wp-json/wp/v2/categories/3.json]
[ukzn.ac.za/news/index.html]
[ukzn.ac.za/news/academic-selected-as-sa-coordinator-for-international-survey-of-peer-leaders/index.html]
[ukzn.ac.za/news/judges-impressed-by-high-school-moot-court-participants/index.html]
[ukzn.ac.za/news/alumnus-pens-who-bulletin-editorial/index.html]
[ukzn.ac.za/news/humanities-student-is-national-poetry-slam-champion/index.html]
[ukzn.ac.za/wp-json/oembed/1.0/embed9dcf.json]
[ukzn.ac.za/news/honours-student-scoops-prestigious-women-in-tech-award/index.html]
[ukzn.ac.za/ukzn-notice/meet-our-graduates-dr-sanele-gamede-talks-about-the-dynamics-of-parenting-in-academia/index.html]
[ukzn.ac.za/wp-json/oembed/1.0/embed5f43]
[ukzn.ac.za/wp-json/oembed/1.0/embedd573.json]
[ukzn.ac.za/wp-json/oembed/1.0/embedb789]
[ukzn.ac.za/ukzn-notice/inaugural-lecture-by-professor-kavilan-moodley-a-cosmic-odyssey/index.html]
[ukzn.ac.za/wp-json/oembed/1.0/embed53f9.json]
[ukzn.ac.za/ukzn-notice/caes-online-event-women-in-analytics-and-dudes-in-data/index.html]
[ukzn.ac.za/wp-json/oembed/1.0/embed5e6f]
[ukzn.ac.za/wp-json/oembed/1.0/embed5f03.json]
[ukzn.ac.za/wp-json/oembed/1.0/embed625e]
[ukzn.ac.za/ukzn-notice/workshops-and-roundtable-discussions-task-36-of-the-international-energy-agency/index.html]
[ukzn.ac.za/ukzn-notices/events/index.html]
[ukzn.ac.za/ukzn-notice/national-development-plan-and-state-capacity-conference/index.html]
[ukzn.ac.za/ukzn-notice/public-lecture-on-contesting-global-north-hegemony-in-arts-humanities-and-social-sciences/index.html]
[ukzn.ac.za/ukzn-notice/50th-ellie-newman-memorial-moot-court-final/index.html]
[ukzn.ac.za/ukzn-notice/inaugural-lecture-by-professor-ursula-scharler-what-makes-ecosystems-resilient-and-persist-over-time/index.html]
[ukzn.ac.za/ukzn-notice/nobel-in-africa-physics-symposium-ii/index.html]
[ukzn.ac.za/ukzn-notice/online-public-lecture-series-what-do-scientists-do-a-look-inside-the-ivory-tower-with-professor-tafadzwa-mabhaudhi/index.html]
[ukzn.ac.za/wp-json/wp/v2/posts/5434.json]
[ukzn.ac.za/ukzn-notices/events/page/2/index.html]
[ukzn.ac.za/wp-json/oembed/1.0/embed4e99.json]
[ukzn.ac.za/wp-json/oembed/1.0/embed6dc0]
[ukzn.ac.za/category/explore-ukzn/index.html]
[ukzn.ac.za/visitors/visitors/index.html]
[ukzn.ac.za/explore-ukzn/explore-ukzn/index.html]
[ukzn.ac.za/tenders/tenders/index.html]
[ukzn.ac.za/wp-json/wp/v2/posts/14685.json]
[ukzn.ac.za/wp-json/oembed/1.0/embed7bd0.json]
[ukzn.ac.za/wp-json/oembed/1.0/embed3d06]
[ukzn.ac.za/spotlight/ethics-at-ukzn/index.html]
[ukzn.ac.za/category/ipg/index.html]
[ukzn.ac.za/category/spotlight/index.html]
[ukzn.ac.za/spotlight/ukzn-inqubate-and-caes-innovation-competition/index.html]
[ukzn.ac.za/wp-json/wp/v2/posts/11487.json]
[ukzn.ac.za/wp-json/oembed/1.0/embed8480.json]
[ukzn.ac.za/wp-json/oembed/1.0/embed689c]
[ukzn.ac.za/spotlight/ukzn-course-guidance/index.html]
[ukzn.ac.za/spotlight/zero-tolerance-to-fraud-and-corruption/index.html]
[ukzn.ac.za/spotlight/share-the-festive-cheer-challenge/index.html]
[ukzn.ac.za/wp-json/wp/v2/posts/10217.json]
[ukzn.ac.za/wp-json/oembed/1.0/embed2f4b.json]
[ukzn.ac.za/wp-json/oembed/1.0/embed10d5]
[ukzn.ac.za/uncategorized/open-ukzn/index.html]
[ukzn.ac.za/tag/open-knowlegde/index.html]
[ukzn.ac.za/tag/open-ukzn/index.html]
[ukzn.ac.za/category/uncategorized/index.html]
[ukzn.ac.za/tag/researchspace-articles/index.html]
[ukzn.ac.za/uncategorized/prospectus-2017/index.html]
[ukzn.ac.za/wp-json/oembed/1.0/embed1c1f.json]
[ukzn.ac.za/wp-json/oembed/1.0/embed6073]
[ukzn.ac.za/our-stories/index.html]
[ukzn.ac.za/our-stories/oregan-percival-mark-hoskins/index.html]
[ukzn.ac.za/wp-json/oembed/1.0/embed0c51.json]
[ukzn.ac.za/wp-json/oembed/1.0/embed8175]
[ukzn.ac.za/our-stories/ayanda-mpama/index.html]
[ukzn.ac.za/wp-json/oembed/1.0/embedbd9e.json]
[ukzn.ac.za/wp-json/oembed/1.0/embed45c5]
[ukzn.ac.za/our-stories/jessica-nkosi/index.html]
[ukzn.ac.za/wp-json/oembed/1.0/embede768.json]
[ukzn.ac.za/our-stories/mthokozisi-dj-tira-khathi/index.html]
[ukzn.ac.za/wp-json/oembed/1.0/embedcdc7]
[ukzn.ac.za/wp-json/oembed/1.0/embed6414.json]
[ukzn.ac.za/wp-json/oembed/1.0/embed3b2e]
[ukzn.ac.za/our-stories/musa-kika/index.html]
[ukzn.ac.za/wp-json/oembed/1.0/embed5ee2.json]
[ukzn.ac.za/wp-json/oembed/1.0/embed25c9]
[ukzn.ac.za/our-stories/thulile-zama/index.html]
[ukzn.ac.za/wp-json/wp/v2/posts/5391.json]
[ukzn.ac.za/wp-json/oembed/1.0/embed4bf6.json]
[ukzn.ac.za/wp-json/oembed/1.0/embedd644]
[ukzn.ac.za/general/information-act/index.html]
[ukzn.ac.za/category/general/index.html]
[ukzn.ac.za/wp-json/wp/v2/posts/5397.json]
[ukzn.ac.za/wp-json/oembed/1.0/embedcbf8.json]
[ukzn.ac.za/wp-json/oembed/1.0/embed9862]
[ukzn.ac.za/general/privacy-policy/index.html]
[z3t9t3v4.stackpathcdn.com/wp-content/cache/wpfc-minified/eparerg/2ifal.css]
[cse.google.com/cse07b6.html]
[z3t9t3v4.stackpathcdn.com/wp-content/themes/ukznmainsite/css/owl.video.play.html]
[z3t9t3v4.stackpathcdn.com/wp-content/cache/wpfc-minified/jlq767ls/2ifa8.css]
[ukzn.ac.za/wp-json/wp/v2/categories/62.json]
[ukzn.ac.za/category/about-ukzn/index.html]
[ukzn.ac.za/author/index.html]
[z3t9t3v4.stackpathcdn.com/wp-content/themes/ukznmainsite/css/ukzn.css]
[z3t9t3v4.stackpathcdn.com/wp-content/themes/ukznmainsite/css/theme.css]
[z3t9t3v4.stackpathcdn.com/wp-content/themes/ukznmainsite/css/font-awesome.css]
[z3t9t3v4.stackpathcdn.com/wp-content/plugins/content-views-query-and-display-post-page/public/assets/css/cv0875.css]
[z3t9t3v4.stackpathcdn.com/wp-includes/css/dist/block-library/style.min00e7.css]
[z3t9t3v4.stackpathcdn.com/wp-content/plugins/wp-responsive-recent-post-slider/assets/css/slickb12b.css]
[z3t9t3v4.stackpathcdn.com/wp-content/plugins/wp-responsive-recent-post-slider/assets/css/recent-post-styleb12b.css]
[z3t9t3v4.stackpathcdn.com/wp-content/plugins/elementskit-lite/modules/elementskit-icon-pack/assets/css/ekiticonsae29.css]
[ukzn.ac.za/category/about-ukzn/page/2/index.html]
[z3t9t3v4.stackpathcdn.com/wp-content/plugins/tablepress/css/tablepress.woff]
[z3t9t3v4.stackpathcdn.com/wp-content/plugins/tablepress/css/default.mind50e.css]
[z3t9t3v4.stackpathcdn.com/wp-content/plugins/ubermenu/pro/assets/css/ubermenu.min3621.css]
[z3t9t3v4.stackpathcdn.com/wp-content/plugins/ubermenu/assets/fontawesome/css/all.min00e7.css]
[z3t9t3v4.stackpathcdn.com/wp-content/plugins/ubermenu/custom/custom3621.css]
[z3t9t3v4.stackpathcdn.com/wp-content/plugins/elementskit-lite/widgets/init/assets/img/sort_asc.png]
[z3t9t3v4.stackpathcdn.com/wp-content/plugins/elementskit-lite/widgets/init/assets/img/sort_desc.png]
[z3t9t3v4.stackpathcdn.com/wp-content/plugins/elementskit-lite/widgets/init/assets/img/sort_asc_disabled.png]
[z3t9t3v4.stackpathcdn.com/wp-content/plugins/elementskit-lite/widgets/init/assets/css/widget-stylesae29.css]
[z3t9t3v4.stackpathcdn.com/wp-content/plugins/elementskit-lite/widgets/init/assets/css/responsiveae29.css]
[ukzn.ac.za/wp-json/oembed/1.0/embed17eb.json]
[ukzn.ac.za/wp-json/oembed/1.0/embed760b]
[ukzn.ac.za/directory-of-experts/mr-anthony-howard-walker/index.html]
[ukzn.ac.za/wp-json/oembed/1.0/embed91a5.json]
[ukzn.ac.za/wp-json/oembed/1.0/embed5472]
[ukzn.ac.za/directory-of-experts/mrs-shelley-donnelly/index.html]
[ukzn.ac.za/wp-json/oembed/1.0/embed3065.json]
[ukzn.ac.za/wp-json/oembed/1.0/embeda4d1]
[ukzn.ac.za/directory-of-experts/professor-mabutho-sibanda/index.html]
[ukzn.ac.za/wp-json/oembed/1.0/embedf6ce.json]
[ukzn.ac.za/wp-json/oembed/1.0/embede7c6]
[ukzn.ac.za/directory-of-experts/dr-nishani-harinarain/index.html]
[ukzn.ac.za/wp-json/oembed/1.0/embed7510.json]
[ukzn.ac.za/wp-json/oembed/1.0/embed6b94]
[ukzn.ac.za/directory-of-experts/professor-kovin-s-naidoo/index.html]
[ukzn.ac.za/wp-json/oembed/1.0/embedc2c1.json]
[ukzn.ac.za/wp-json/oembed/1.0/embede383]
[ukzn.ac.za/directory-of-experts/professor-keshlan-govinder/index.html]
[ukzn.ac.za/wp-json/oembed/1.0/embeddd79.json]
[ukzn.ac.za/wp-json/oembed/1.0/embed9170]
[ukzn.ac.za/directory-of-experts/dr-veena-s-singaram/index.html]
[ukzn.ac.za/wp-json/oembed/1.0/embedeaef.json]
[ukzn.ac.za/wp-json/oembed/1.0/embedd078]
[ukzn.ac.za/directory-of-experts/dr-moganavelli-singh/index.html]
[ukzn.ac.za/wp-json/oembed/1.0/embed0a34.json]
[ukzn.ac.za/wp-json/oembed/1.0/embedb693]
[ukzn.ac.za/directory-of-experts/professor-gueguim-kana-evariste/index.html]
[ukzn.ac.za/wp-json/oembed/1.0/embedd0c1.json]
[ukzn.ac.za/wp-json/oembed/1.0/embedc9bd]
[ukzn.ac.za/directory-of-experts/professor-stephen-mutula/index.html]
[ukzn.ac.za/wp-json/oembed/1.0/embede2cf.json]
[ukzn.ac.za/wp-json/oembed/1.0/embed1f4a]
[ukzn.ac.za/directory-of-experts/mrs-muhle-sibisi/index.html]
[ukzn.ac.za/wp-json/oembed/1.0/embed3b11.json]
[ukzn.ac.za/wp-json/oembed/1.0/embed206b]
[ukzn.ac.za/directory-of-experts/dr-alistair-clulow/index.html]
[ukzn.ac.za/wp-json/oembed/1.0/embedaa82.json]
[ukzn.ac.za/wp-json/oembed/1.0/embed85e4]
[ukzn.ac.za/directory-of-experts/dr-deborah-robertson-andersson/index.html]
[ukzn.ac.za/wp-json/oembed/1.0/embed6077.json]
[ukzn.ac.za/wp-json/oembed/1.0/embed1d3a]
[ukzn.ac.za/directory-of-experts/dr-rajshekhar-karpoormath/index.html]
[ukzn.ac.za/wp-json/oembed/1.0/embed4ab7.json]
[ukzn.ac.za/wp-json/oembed/1.0/embedea33]
[ukzn.ac.za/directory-of-experts/dr-paul-august-winter/index.html]
[ukzn.ac.za/wp-json/oembed/1.0/embed7bdb.json]
[ukzn.ac.za/directory-of-experts/mr-tony-ngwenya/index.html]
[ukzn.ac.za/wp-json/oembed/1.0/embed811a]
[ukzn.ac.za/wp-json/oembed/1.0/embedfe63.json]
[ukzn.ac.za/wp-json/oembed/1.0/embed99c0]
[ukzn.ac.za/directory-of-experts/dr-suveshnee-munien/index.html]
[ukzn.ac.za/wp-json/oembed/1.0/embedc3bb.json]
[ukzn.ac.za/wp-json/oembed/1.0/embed73e2]
[ukzn.ac.za/directory-of-experts/professor-pgl-leach/index.html]
[ukzn.ac.za/wp-json/oembed/1.0/embed01f5.json]
[ukzn.ac.za/directory-of-experts/dr-brian-kwazi-majola/index.html]
[ukzn.ac.za/wp-json/oembed/1.0/embed2ae7]
[ukzn.ac.za/wp-json/oembed/1.0/embed531d.json]
[ukzn.ac.za/wp-json/oembed/1.0/embedbe69]
[ukzn.ac.za/directory-of-experts/mr-sandile-mnguni/index.html]
[ukzn.ac.za/wp-json/oembed/1.0/embed7bfd.json]
[ukzn.ac.za/wp-json/oembed/1.0/embedf931]
[ukzn.ac.za/directory-of-experts/mrs-vanessa-gregory/index.html]
[ukzn.ac.za/wp-json/oembed/1.0/embed17b7.json]
[ukzn.ac.za/directory-of-experts/dr-sandile-mbokazi/index.html]
[ukzn.ac.za/wp-json/oembed/1.0/embede9c7]
[ukzn.ac.za/wp-json/oembed/1.0/embed18f3.json]
[ukzn.ac.za/wp-json/oembed/1.0/embed7b8f]
[ukzn.ac.za/directory-of-experts/emeritus-professor-j-moodley/index.html]
[ukzn.ac.za/wp-json/oembed/1.0/embed36f3.json]
[ukzn.ac.za/wp-json/oembed/1.0/embed50e4]
[ukzn.ac.za/directory-of-experts/11817/index.html]
[ukzn.ac.za/wp-json/oembed/1.0/embed85e1.json]
[ukzn.ac.za/directory-of-experts/professor-denis-brothers/index.html]
[ukzn.ac.za/wp-json/oembed/1.0/embed80ec]
[ukzn.ac.za/wp-json/oembed/1.0/embedbc23.json]
[ukzn.ac.za/directory-of-experts/dr-faraimunashe-chirove/index.html]
[ukzn.ac.za/wp-json/oembed/1.0/embed1926]
[ukzn.ac.za/wp-json/oembed/1.0/embedc17f.json]
[ukzn.ac.za/directory-of-experts/emeritus-professor-roland-schulze/index.html]
[ukzn.ac.za/wp-json/oembed/1.0/embed74b9]
[ukzn.ac.za/wp-json/oembed/1.0/embed5272.json]
[ukzn.ac.za/wp-json/oembed/1.0/embed3571]
[ukzn.ac.za/directory-of-experts/mrs-mildred-nomkhosi-nzimande/index.html]
[ukzn.ac.za/wp-json/oembed/1.0/embeddc93.json]
[ukzn.ac.za/directory-of-experts/dr-pravin-singh/index.html]
[ukzn.ac.za/wp-json/oembed/1.0/embed0d45]
[ukzn.ac.za/wp-json/oembed/1.0/embedb2a9.json]
[ukzn.ac.za/wp-json/oembed/1.0/embed327b]
[ukzn.ac.za/directory-of-experts/dr-dumsani-mncube/index.html]
[ukzn.ac.za/wp-json/oembed/1.0/embed03c4.json]
[ukzn.ac.za/wp-json/oembed/1.0/embedcfa3]
[ukzn.ac.za/directory-of-experts/dr-romano-lottering/index.html]
[ukzn.ac.za/wp-json/oembed/1.0/embed0fc4.json]
[ukzn.ac.za/wp-json/oembed/1.0/embed9f54]
[ukzn.ac.za/directory-of-experts/professor-darma-mahadea/index.html]
[ukzn.ac.za/wp-json/oembed/1.0/embedb558.json]
[ukzn.ac.za/wp-json/oembed/1.0/embedeb6e]
[ukzn.ac.za/directory-of-experts/dr-bernard-matolino/index.html]
[ukzn.ac.za/wp-json/oembed/1.0/embedaaa0.json]
[ukzn.ac.za/wp-json/oembed/1.0/embed2c90]
[ukzn.ac.za/directory-of-experts/dr-antoinette-toni-damant/index.html]
[ukzn.ac.za/wp-json/oembed/1.0/embed858a.json]
[ukzn.ac.za/wp-json/oembed/1.0/embed889d]
[ukzn.ac.za/directory-of-experts/dr-evelyn-derera/index.html]
[ukzn.ac.za/wp-json/oembed/1.0/embed4eae.json]
[ukzn.ac.za/wp-json/oembed/1.0/embedcaf2]
[ukzn.ac.za/directory-of-experts/gordon-fakude/index.html]
[ukzn.ac.za/wp-json/oembed/1.0/embed2a46.json]
[ukzn.ac.za/wp-json/oembed/1.0/embede0ad]
[ukzn.ac.za/directory-of-experts/11765/index.html]
[ukzn.ac.za/wp-json/oembed/1.0/embed4fe2.json]
[ukzn.ac.za/wp-json/oembed/1.0/embeddf29]
[ukzn.ac.za/directory-of-experts/honorary-professor-julie-parle/index.html]
[ukzn.ac.za/wp-json/oembed/1.0/embed12ca.json]
[ukzn.ac.za/wp-json/oembed/1.0/embed46fa]
[ukzn.ac.za/directory-of-experts/dr-desiree-manicom/index.html]
[ukzn.ac.za/wp-json/oembed/1.0/embed893c.json]
[ukzn.ac.za/wp-json/oembed/1.0/embed1370]
[ukzn.ac.za/directory-of-experts/dr-julia-clare/index.html]
[ukzn.ac.za/wp-json/oembed/1.0/embed2f2e.json]
[ukzn.ac.za/wp-json/oembed/1.0/embed4b2f]
[ukzn.ac.za/directory-of-experts/dr-siyabonga-dlamini/index.html]
[ukzn.ac.za/wp-json/oembed/1.0/embed0d92.json]
[ukzn.ac.za/wp-json/oembed/1.0/embedb1e5]
[ukzn.ac.za/directory-of-experts/mrs-eshara-dowlath/index.html]
[ukzn.ac.za/wp-json/oembed/1.0/embed9b4a.json]
[ukzn.ac.za/wp-json/oembed/1.0/embed71c5]
[ukzn.ac.za/directory-of-experts/professor-anil-chuturgoon/index.html]
[ukzn.ac.za/wp-json/oembed/1.0/embed86bc.json]
[ukzn.ac.za/wp-json/oembed/1.0/embed731e]
[ukzn.ac.za/directory-of-experts/professor-himansu-baijnath/index.html]
[ukzn.ac.za/wp-json/oembed/1.0/embeda655.json]
[ukzn.ac.za/directory-of-experts/professor-mp-watt/index.html]
[ukzn.ac.za/wp-json/oembed/1.0/embedf169]
[ukzn.ac.za/wp-json/oembed/1.0/embed30ef.json]
[ukzn.ac.za/directory-of-experts/professor-emeritus-abul-fadl-mohsin-ebrahim/index.html]
[ukzn.ac.za/wp-json/oembed/1.0/embed66a9]
[ukzn.ac.za/wp-json/oembed/1.0/embed7cf1.json]
[ukzn.ac.za/directory-of-experts/dr-henry-nkhanedzeni-muribwathoho/index.html]
[ukzn.ac.za/wp-json/oembed/1.0/embedbe66]
[ukzn.ac.za/wp-json/oembed/1.0/embedff9e.json]
[ukzn.ac.za/wp-json/oembed/1.0/embedd9c2]
[ukzn.ac.za/directory-of-experts/dr-tivani-phosa-mashamba-thompson/index.html]
[ukzn.ac.za/wp-json/oembed/1.0/embed2c81.json]
[ukzn.ac.za/wp-json/oembed/1.0/embedb6a8]
[ukzn.ac.za/directory-of-experts/dr-nokwanda-yoliswa-nzuza/index.html]
[ukzn.ac.za/wp-json/oembed/1.0/embed7296.json]
[ukzn.ac.za/wp-json/oembed/1.0/embede3b8]
[ukzn.ac.za/directory-of-experts/mr-nigel-chiweshe/index.html]
[ukzn.ac.za/wp-json/oembed/1.0/embede046.json]
[ukzn.ac.za/wp-json/oembed/1.0/embed46f4]
[ukzn.ac.za/directory-of-experts/professor-sabiha-essack/index.html]
[ukzn.ac.za/wp-json/oembed/1.0/embedf88b.json]
[ukzn.ac.za/wp-json/oembed/1.0/embed49e0]
[ukzn.ac.za/directory-of-experts/ms-janine-hicks/index.html]
[ukzn.ac.za/wp-json/oembed/1.0/embedd340.json]
[ukzn.ac.za/wp-json/oembed/1.0/embed3aa8]
[ukzn.ac.za/directory-of-experts/dr-abdul-s-mahomed/index.html]
[ukzn.ac.za/wp-json/oembed/1.0/embed97c2.json]
[ukzn.ac.za/wp-json/oembed/1.0/embedcd7a]
[ukzn.ac.za/directory-of-experts/dr-nathlee-abbai/index.html]
[ukzn.ac.za/wp-json/oembed/1.0/embed81f4.json]
[ukzn.ac.za/wp-json/oembed/1.0/embedc190]
[ukzn.ac.za/directory-of-experts/ms-zamanguni-gumede/index.html]
[ukzn.ac.za/wp-json/oembed/1.0/embed87b2.json]
[ukzn.ac.za/directory-of-experts/ms-hlengiwe-ndlela/index.html]
[ukzn.ac.za/wp-json/oembed/1.0/embed90b8]
[ukzn.ac.za/wp-json/oembed/1.0/embedff66.json]
[ukzn.ac.za/wp-json/oembed/1.0/embed2c20]
[ukzn.ac.za/directory-of-experts/professor-thomas-edward-ted-sommerville/index.html]
[ukzn.ac.za/wp-json/oembed/1.0/embed8ec7.json]
[ukzn.ac.za/wp-json/oembed/1.0/embed753f]
[ukzn.ac.za/directory-of-experts/dr-phocenah-nyatanga/index.html]
[ukzn.ac.za/wp-json/oembed/1.0/embedd606.json]
[ukzn.ac.za/wp-json/oembed/1.0/embed7a54]
[ukzn.ac.za/directory-of-experts/ms-navitha-sewpersadh/index.html]
[ukzn.ac.za/wp-json/oembed/1.0/embed449b.json]
[ukzn.ac.za/wp-json/oembed/1.0/embedc70a]
[ukzn.ac.za/directory-of-experts/dr-mihalis-chasomeris/index.html]
[ukzn.ac.za/wp-json/oembed/1.0/embedaf57.json]
[ukzn.ac.za/wp-json/oembed/1.0/embeda9c3]
[ukzn.ac.za/directory-of-experts/mrs-kerry-mccullough/index.html]
[ukzn.ac.za/wp-json/oembed/1.0/embed3030.json]
[ukzn.ac.za/wp-json/oembed/1.0/embed5146]
[ukzn.ac.za/directory-of-experts/dr-msizi-mkhize/index.html]
[ukzn.ac.za/wp-json/oembed/1.0/embedd726.json]
[ukzn.ac.za/wp-json/oembed/1.0/embed37eb]
[ukzn.ac.za/directory-of-experts/mr-sakhile-mpungose/index.html]
[ukzn.ac.za/wp-json/oembed/1.0/embed8060.json]
[ukzn.ac.za/wp-json/oembed/1.0/embed5683]
[ukzn.ac.za/directory-of-experts/mr-barry-strydom/index.html]
[ukzn.ac.za/wp-json/oembed/1.0/embed07b0.json]
[ukzn.ac.za/wp-json/oembed/1.0/embeda9df]
[ukzn.ac.za/directory-of-experts/dr-bruce-rhodes/index.html]
[ukzn.ac.za/wp-json/oembed/1.0/embed54b0.json]
[ukzn.ac.za/wp-json/oembed/1.0/embed0a1a]
[ukzn.ac.za/directory-of-experts/dr-josue-mbonigaba/index.html]
[ukzn.ac.za/wp-json/oembed/1.0/embed06d6.json]
[ukzn.ac.za/wp-json/oembed/1.0/embed3eee]
[ukzn.ac.za/directory-of-experts/professor-ahmed-s-thandar/index.html]
[ukzn.ac.za/wp-json/oembed/1.0/embed4404.json]
[ukzn.ac.za/wp-json/oembed/1.0/embedb638]
[ukzn.ac.za/directory-of-experts/dr-felipe-buttelli/index.html]
[ukzn.ac.za/wp-json/oembed/1.0/embedbeef.json]
[ukzn.ac.za/wp-json/oembed/1.0/embedfd42]
[ukzn.ac.za/directory-of-experts/professor-harold-ngalawa/index.html]
[ukzn.ac.za/wp-json/oembed/1.0/embedd1a3.json]
[ukzn.ac.za/wp-json/oembed/1.0/embed1dc8]
[ukzn.ac.za/directory-of-experts/professor-vincent-o-nyamori/index.html]
[ukzn.ac.za/wp-json/oembed/1.0/embed1d7d.json]
[ukzn.ac.za/wp-json/oembed/1.0/embedd559]
[ukzn.ac.za/directory-of-experts/dr-clint-le-bruyns/index.html]
[ukzn.ac.za/wp-json/oembed/1.0/embed727b.json]
[ukzn.ac.za/wp-json/oembed/1.0/embed4a6c]
[ukzn.ac.za/directory-of-experts/professor-raziya-bobat/index.html]
[ukzn.ac.za/wp-json/oembed/1.0/embed2ff2.json]
[ukzn.ac.za/wp-json/oembed/1.0/embed0cd1]
[ukzn.ac.za/directory-of-experts/dr-suren-moodley/index.html]
[ukzn.ac.za/wp-json/oembed/1.0/embeda7d7.json]
[ukzn.ac.za/wp-json/oembed/1.0/embed4206]
[ukzn.ac.za/directory-of-experts/professor-debbie-ellis/index.html]
[ukzn.ac.za/wp-json/oembed/1.0/embed10dc.json]
[ukzn.ac.za/wp-json/oembed/1.0/embeded09]
[ukzn.ac.za/directory-of-experts/dr-mzamo-shozi/index.html]
[ukzn.ac.za/wp-json/oembed/1.0/embed77a1.json]
[ukzn.ac.za/directory-of-experts/dr-brett-van-niekerk/index.html]
[ukzn.ac.za/wp-json/oembed/1.0/embed579a]
[ukzn.ac.za/wp-json/oembed/1.0/embede4ac.json]
[ukzn.ac.za/wp-json/oembed/1.0/embed987e]
[ukzn.ac.za/directory-of-experts/dr-sumaiya-jamal-ally/index.html]
[ukzn.ac.za/wp-json/oembed/1.0/embed226d.json]
[ukzn.ac.za/wp-json/oembed/1.0/embedfbee]
[ukzn.ac.za/directory-of-experts/dr-brenda-moodley/index.html]
[ukzn.ac.za/wp-json/oembed/1.0/embed0f71.json]
[ukzn.ac.za/wp-json/oembed/1.0/embed2441]
[ukzn.ac.za/directory-of-experts/professor-david-spurrett/index.html]
[ukzn.ac.za/wp-json/oembed/1.0/embed88eb.json]
[ukzn.ac.za/wp-json/oembed/1.0/embedc665]
[ukzn.ac.za/directory-of-experts/iain-kerr/index.html]
[ukzn.ac.za/wp-json/oembed/1.0/embedff42.json]
[ukzn.ac.za/wp-json/oembed/1.0/embed0822]
[ukzn.ac.za/directory-of-experts/professor-bonga-chiliza/index.html]
[ukzn.ac.za/wp-json/oembed/1.0/embedcd48.json]
[ukzn.ac.za/directory-of-experts/dr-pradeep-kumar/index.html]
[ukzn.ac.za/wp-json/oembed/1.0/embed3b53]
[ukzn.ac.za/wp-json/oembed/1.0/embed9958.json]
[ukzn.ac.za/wp-json/oembed/1.0/embed0e3c]
[ukzn.ac.za/directory-of-experts/mr-jahvaid-hammujuddy/index.html]
[ukzn.ac.za/wp-json/oembed/1.0/embed6e8e.json]
[ukzn.ac.za/wp-json/oembed/1.0/embeda740]
[ukzn.ac.za/directory-of-experts/dr-jemma-finch/index.html]
[ukzn.ac.za/wp-json/oembed/1.0/embed40c1.json]
[ukzn.ac.za/wp-json/oembed/1.0/embed59d6]
[ukzn.ac.za/directory-of-experts/professor-werner-van-zyl/index.html]
[ukzn.ac.za/wp-json/oembed/1.0/embed47bb.json]
[ukzn.ac.za/wp-json/oembed/1.0/embedf393]
[ukzn.ac.za/directory-of-experts/professor-radhamany-sooryamoorthy/index.html]
[ukzn.ac.za/wp-json/oembed/1.0/embed2a94.json]
[ukzn.ac.za/wp-json/oembed/1.0/embed9c8c]
[ukzn.ac.za/directory-of-experts/mr-david-vusi-dlamini/index.html]
[ukzn.ac.za/wp-json/oembed/1.0/embedb1b2.json]
[ukzn.ac.za/wp-json/oembed/1.0/embed8528]
[ukzn.ac.za/directory-of-experts/mr-alvin-munsamy/index.html]
[ukzn.ac.za/wp-json/oembed/1.0/embed32ed.json]
[ukzn.ac.za/wp-json/oembed/1.0/embed0e1c]
[ukzn.ac.za/directory-of-experts/mr-vishal-surbun/index.html]
[ukzn.ac.za/wp-json/oembed/1.0/embed3666.json]
[ukzn.ac.za/directory-of-experts/dr-donrich-jordaan/index.html]
[ukzn.ac.za/wp-json/oembed/1.0/embedbd99]
[ukzn.ac.za/wp-json/oembed/1.0/embedfa31.json]
[ukzn.ac.za/wp-json/oembed/1.0/embed9a98]
[ukzn.ac.za/directory-of-experts/dr-adam-shuttleworth/index.html]
[ukzn.ac.za/wp-json/oembed/1.0/embed23a4.json]
[ukzn.ac.za/wp-json/oembed/1.0/embed9988]
[ukzn.ac.za/directory-of-experts/professor-rajendra-bhimma/index.html]
[ukzn.ac.za/wp-json/oembed/1.0/embed505f.json]
[ukzn.ac.za/wp-json/oembed/1.0/embed1191]
[ukzn.ac.za/directory-of-experts/dr-timothy-hardcastle/index.html]
[ukzn.ac.za/wp-json/oembed/1.0/embed94aa.json]
[ukzn.ac.za/wp-json/oembed/1.0/embede4f2]
[ukzn.ac.za/directory-of-experts/mr-phephani-gumbi/index.html]
[ukzn.ac.za/wp-json/oembed/1.0/embedefaa.json]
[ukzn.ac.za/wp-json/oembed/1.0/embed4fdd]
[ukzn.ac.za/directory-of-experts/professor-indresan-govender/index.html]
[ukzn.ac.za/wp-json/oembed/1.0/embed8235.json]
[ukzn.ac.za/wp-json/oembed/1.0/embed5d41]
[ukzn.ac.za/directory-of-experts/mr-mwitwa-chilufya/index.html]
[ukzn.ac.za/wp-json/oembed/1.0/embedc696.json]
[ukzn.ac.za/wp-json/oembed/1.0/embedebcc]
[ukzn.ac.za/directory-of-experts/__trashed-3/index.html]
[ukzn.ac.za/wp-json/oembed/1.0/embedc5aa.json]
[ukzn.ac.za/wp-json/oembed/1.0/embed7131]
[ukzn.ac.za/directory-of-experts/dr-asheena-singh-pillay/index.html]
[ukzn.ac.za/wp-json/oembed/1.0/embed7a69.json]
[ukzn.ac.za/wp-json/oembed/1.0/embedc518]
[ukzn.ac.za/directory-of-experts/__trashed-2/index.html]
[ukzn.ac.za/wp-json/oembed/1.0/embedf65a.json]
[ukzn.ac.za/directory-of-experts/professor-theuns-pelser/index.html]
[ukzn.ac.za/wp-json/oembed/1.0/embeda18a]
[ukzn.ac.za/wp-json/oembed/1.0/embed87e5.json]
[ukzn.ac.za/wp-json/oembed/1.0/embeded47]
[ukzn.ac.za/directory-of-experts/professor-micheline-naude/index.html]
[ukzn.ac.za/wp-json/oembed/1.0/embedce0c.json]
[ukzn.ac.za/wp-json/oembed/1.0/embed73c0]
[ukzn.ac.za/directory-of-experts/professor-hussein-shimelis/index.html]
[ukzn.ac.za/wp-json/oembed/1.0/embed77ed.json]
[ukzn.ac.za/directory-of-experts/professor-stefan-schmidt/index.html]
[ukzn.ac.za/wp-json/oembed/1.0/embed167e]
[ukzn.ac.za/wp-json/oembed/1.0/embed0334.json]
[ukzn.ac.za/directory-of-experts/professor-gonasageran-naidoo/index.html]
[ukzn.ac.za/wp-json/oembed/1.0/embed5d81]
[ukzn.ac.za/wp-json/oembed/1.0/embed2896.json]
[ukzn.ac.za/wp-json/oembed/1.0/embedac30]
[ukzn.ac.za/directory-of-experts/dr-carlos-loureiro/index.html]
[ukzn.ac.za/wp-json/oembed/1.0/embedb98e.json]
[ukzn.ac.za/wp-json/oembed/1.0/embed011d]
[ukzn.ac.za/directory-of-experts/dr-riven-narain/index.html]
[ukzn.ac.za/wp-json/oembed/1.0/embed0a06.json]
[ukzn.ac.za/directory-of-experts/professor-sanjana-brijball-parumasur/index.html]
[ukzn.ac.za/wp-json/oembed/1.0/embed4470]
[ukzn.ac.za/wp-json/oembed/1.0/embed2db6.json]
[ukzn.ac.za/wp-json/oembed/1.0/embeddf56]
[ukzn.ac.za/directory-of-experts/professor-bice-martincigh/index.html]
[ukzn.ac.za/wp-json/oembed/1.0/embeddff2.json]
[ukzn.ac.za/wp-json/oembed/1.0/embed291a]
[ukzn.ac.za/directory-of-experts/professor-gert-kruger/index.html]
[ukzn.ac.za/wp-json/oembed/1.0/embedb729.json]
[ukzn.ac.za/directory-of-experts/dr-christina-curry/index.html]
[ukzn.ac.za/wp-json/oembed/1.0/embed0ed7]
[ukzn.ac.za/wp-json/oembed/1.0/embed0f62.json]
[ukzn.ac.za/wp-json/oembed/1.0/embed6dec]
[ukzn.ac.za/directory-of-experts/dr-upasana-g-singh/index.html]
[ukzn.ac.za/wp-json/oembed/1.0/embedcab4.json]
[ukzn.ac.za/wp-json/oembed/1.0/embed77cf]
[ukzn.ac.za/directory-of-experts/mr-sanele-gumede/index.html]
[ukzn.ac.za/wp-json/oembed/1.0/embed5536.json]
[ukzn.ac.za/wp-json/oembed/1.0/embedd808]
[ukzn.ac.za/directory-of-experts/patrick-mweli/index.html]
[ukzn.ac.za/wp-json/oembed/1.0/embed61a0.json]
[ukzn.ac.za/wp-json/oembed/1.0/embed8398]
[ukzn.ac.za/directory-of-experts/professor-naven-chetty/index.html]
[ukzn.ac.za/wp-json/oembed/1.0/embed0039.json]
[ukzn.ac.za/wp-json/oembed/1.0/embed31ae]
[ukzn.ac.za/directory-of-experts/professor-ziska-fields/index.html]
[ukzn.ac.za/wp-json/oembed/1.0/embed2eab.json]
[ukzn.ac.za/directory-of-experts/mrs-colleen-edith-archer/index.html]
[ukzn.ac.za/wp-json/oembed/1.0/embed1318]
[ukzn.ac.za/wp-json/oembed/1.0/embeddac8.json]
[ukzn.ac.za/wp-json/oembed/1.0/embedeb5a]
[ukzn.ac.za/directory-of-experts/professor-daya-moodley/index.html]
[ukzn.ac.za/wp-json/oembed/1.0/embed55a5.json]
[ukzn.ac.za/wp-json/oembed/1.0/embedc32f]
[ukzn.ac.za/directory-of-experts/ms-sindiso-chamane/index.html]
[ukzn.ac.za/wp-json/oembed/1.0/embedffd1.json]
[ukzn.ac.za/wp-json/oembed/1.0/embedce04]
[ukzn.ac.za/directory-of-experts/dr-raj-rajaram/index.html]
[ukzn.ac.za/wp-json/oembed/1.0/embed95d6.json]
[ukzn.ac.za/wp-json/oembed/1.0/embed3e11]
[ukzn.ac.za/directory-of-experts/professor-rajen-naidoo/index.html]
[ukzn.ac.za/wp-json/oembed/1.0/embed5a76.json]
[ukzn.ac.za/wp-json/oembed/1.0/embedc761]
[ukzn.ac.za/directory-of-experts/claudia-loggia/index.html]
[ukzn.ac.za/site-index/soa.ukzn.ac.za/ClustersDisciplines/media-visual-art-drama-digital-arts/drama-and-performance-studies.html]
[ukzn.ac.za/khulanathi/index.html]
[ukzn.ac.za/site-index/lll.ukzn.ac.za/Linguistics/LinguisticsHome.html]
[ukzn.ac.za/site-index/srpc.ukzn.ac.za/Postgraduate-Information/postgraduate-programmes.html]
[ukzn.ac.za/wp-json/wp/v2/categories/93.json]
[ukzn.ac.za/category/students/index.html]
[ukzn.ac.za/students/facilities-available-to-students/index.html]
[ukzn.ac.za/wp-json/wp/v2/posts/5408.json]
[ukzn.ac.za/wp-json/oembed/1.0/embede448.json]
[ukzn.ac.za/wp-json/oembed/1.0/embed4df3]
[ukzn.ac.za/students/academic-support/index.html]
[ukzn.ac.za/wp-json/wp/v2/posts/5410.json]
[ukzn.ac.za/wp-json/oembed/1.0/embed9eae.json]
[ukzn.ac.za/wp-json/oembed/1.0/embedfea1]
[ukzn.ac.za/students/caring-for-students-needs/index.html]
[ukzn.ac.za/wp-json/wp/v2/posts/5412.json]
[ukzn.ac.za/wp-json/oembed/1.0/embed78bd.json]
[ukzn.ac.za/wp-json/oembed/1.0/embeda172]
[ukzn.ac.za/students/sports-recreation/index.html]
[ukzn.ac.za/wp-json/wp/v2/posts/5414.json]
[ukzn.ac.za/wp-json/oembed/1.0/embed6f54.json]
[ukzn.ac.za/wp-json/oembed/1.0/embedcbd4]
[ukzn.ac.za/students/student-governance-activities/index.html]
[ukzn.ac.za/students/students/students/student-facilities.html]
[ukzn.ac.za/wp-json/wp/v2/posts/5418.json]
[ukzn.ac.za/wp-json/oembed/1.0/embed2b5b.json]
[ukzn.ac.za/wp-json/oembed/1.0/embed1453]
[ukzn.ac.za/general/shuttle-timetable/index.html]
[ukzn.ac.za/general/welcome-to-ukzn/index.html]
[ukzn.ac.za/author/bharat/index.html]
[ukzn.ac.za/news/ukzn-launches-new-research-commons/index.html]
[ukzn.ac.za/news/education-alumnus-receives-best-thesis-award-at-saera-conference/index.html]
[ukzn.ac.za/news/ukzn-aids-researcher-ranked-among-the-worlds-most-highly-cited-researchers-in-2019/index.html]
[ukzn.ac.za/news/crop-science-phd-candidate-wins-best-presentation-award-at-waternet-symposium/index.html]
[ukzn.ac.za/news/clinical-supervision-workshop-at-ukzn/index.html]
[ukzn.ac.za/wp-json/wp/v2/categories/94.json]
[ukzn.ac.za/category/staff/index.html]
[ukzn.ac.za/news/innovative-postharvest-technologies-the-answer-bioresources-engineer/index.html]
[ukzn.ac.za/news/accidental-scientist-tackles-food-insecurity/index.html]
[ukzn.ac.za/category/people/index.html]
[ukzn.ac.za/news/ukzn-lecturer-a-finalist-in-saica-competition/index.html]
[ukzn.ac.za/category/parents-update/index.html]
[ukzn.ac.za/wp-json/wp/v2/posts/5424.json]
[ukzn.ac.za/news/distinguished-teachers-awards-for-ukzn-academics/index.html]
[ukzn.ac.za/parents-update/parents-update-from-ukzn/index.html]
[ukzn.ac.za/author/bharat/page/2/index.html]
[ukzn.ac.za/wp-json/oembed/1.0/embed598c.json]
[ukzn.ac.za/wp-json/oembed/1.0/embed75b4]
[ukzn.ac.za/staff/medical-scheme/index.html]
[z3t9t3v4.stackpathcdn.com/wp-content/cache/wpfc-minified/4rorl60/2ifcz.css]
[ukzn.ac.za/wp-json/wp/v2/posts/4296.json]
[ukzn.ac.za/wp-json/oembed/1.0/embed8085.json]
[ukzn.ac.za/wp-json/oembed/1.0/embed89f3]
[ukzn.ac.za/about-ukzn/history-zu/index.html]
[ukzn.ac.za/wp-json/wp/v2/posts/4384.json]
[ukzn.ac.za/about-ukzn/vision-and-mission2/index.html]
[ukzn.ac.za/wp-json/oembed/1.0/embed313a.json]
[ukzn.ac.za/wp-json/oembed/1.0/embed6754]
[ukzn.ac.za/about-ukzn/ukzn-transformation-charter/index.html]
[ukzn.ac.za/wp-json/wp/v2/tags/63.json]
[ukzn.ac.za/tag/zulu-translations/index.html]
[ukzn.ac.za/wp-json/wp/v2/posts/4300.json]
[ukzn.ac.za/tag/zulu-translations/page/2/index.html]
[ukzn.ac.za/wp-json/oembed/1.0/embede83a.json]
[ukzn.ac.za/wp-json/oembed/1.0/embeda8f0]
[ukzn.ac.za/about-ukzn/vision-and-mission-zu/index.html]
[ukzn.ac.za/wp-json/wp/v2/posts/4316.json]
[ukzn.ac.za/wp-json/oembed/1.0/embed1758.json]
[ukzn.ac.za/wp-json/oembed/1.0/embed25cd]
[ukzn.ac.za/about-ukzn/organisational-structure-zu/index.html]
[ukzn.ac.za/wp-json/wp/v2/posts/4310.json]
[ukzn.ac.za/wp-json/oembed/1.0/embedd58f.json]
[ukzn.ac.za/wp-json/oembed/1.0/embed9697]
[ukzn.ac.za/about-ukzn/strategic-plan/index.html]
[ukzn.ac.za/wp-json/wp/v2/posts/4307.json]
[ukzn.ac.za/about-ukzn/pact-zu/index.html]
[ukzn.ac.za/wp-json/oembed/1.0/embed1b0e]
[ukzn.ac.za/wp-json/wp/v2/posts/4325.json]
[ukzn.ac.za/wp-json/oembed/1.0/embedf724.json]
[ukzn.ac.za/about-ukzn/campuses-zu/index.html]
[ukzn.ac.za/wp-json/oembed/1.0/embed0934]
[ukzn.ac.za/wp-json/wp/v2/posts/4331.json]
[ukzn.ac.za/wp-json/oembed/1.0/embed943f.json]
[ukzn.ac.za/about-ukzn/chancellor-zu/index.html]
[ukzn.ac.za/wp-json/oembed/1.0/embed79c9]
[ukzn.ac.za/wp-json/wp/v2/posts/4336.json]
[ukzn.ac.za/wp-json/oembed/1.0/embed6633.json]
[ukzn.ac.za/wp-json/oembed/1.0/embed4354]
[ukzn.ac.za/about-ukzn/vice-chancellor-zu/index.html]
[ukzn.ac.za/wp-json/wp/v2/posts/4357.json]
[ukzn.ac.za/wp-json/oembed/1.0/embed9581.json]
[ukzn.ac.za/wp-json/oembed/1.0/embed44b5]
[ukzn.ac.za/about-ukzn/executive-management-zu/index.html]
[ukzn.ac.za/wp-json/wp/v2/posts/4362.json]
[ukzn.ac.za/wp-json/oembed/1.0/embedd5d3.json]
[ukzn.ac.za/about-ukzn/council-zu/index.html]
[ukzn.ac.za/wp-json/oembed/1.0/embed8bc0]
[ukzn.ac.za/wp-json/wp/v2/posts/4366.json]
[ukzn.ac.za/wp-json/oembed/1.0/embed7536.json]
[ukzn.ac.za/about-ukzn/senate-zu/index.html]
[ukzn.ac.za/wp-content/campusmaps.html]
[ukzn.ac.za/media-publications-reports/development-brief/index.html]
[ukzn.ac.za/wp-json/oembed/1.0/embed78e0]
[z3t9t3v4.stackpathcdn.com/wp-content/uploads/2017/02/100-years-of-academic-excellence-in-the-province-publication-cover.jpg]
[ukzn.ac.za/media-publications-reports/development-brief/development-brief/index.html]
[ukzn.ac.za/100-years-of-academic-excellence-in-the-province/index.html]
[z3t9t3v4.stackpathcdn.com/wp-content/uploads/2017/02/FatimaMeer.gif]
[z3t9t3v4.stackpathcdn.com/wp-content/uploads/2017/02/Gandhi-Luth.gif]
[z3t9t3v4.stackpathcdn.com/wp-content/uploads/2017/02/AtAGlance.gif]
[z3t9t3v4.stackpathcdn.com/wp-content/uploads/2017/02/strat-plan-low-res01-copy.jpg]
[z3t9t3v4.stackpathcdn.com/wp-content/uploads/2017/02/merger-report_low-res_web101-copy.jpg]
[z3t9t3v4.stackpathcdn.com/wp-content/uploads/2017/02/ukznoutreach.jpg]
[z3t9t3v4.stackpathcdn.com/wp-content/uploads/2017/02/women.jpg]
[z3t9t3v4.stackpathcdn.com/wp-content/uploads/2017/02/towards2.jpg]
[z3t9t3v4.stackpathcdn.com/wp-content/uploads/2017/02/OrgDemoc.jpg]
[z3t9t3v4.stackpathcdn.com/wp-content/uploads/2017/02/towards.jpg]
[z3t9t3v4.stackpathcdn.com/wp-content/uploads/2017/02/outreach.gif]
[z3t9t3v4.stackpathcdn.com/wp-content/uploads/2017/02/ukznf.gif]
[z3t9t3v4.stackpathcdn.com/wp-content/uploads/2017/02/100days.gif]
[ukzn.ac.za/media-publications-reports/special-publications/index.html]
[ukzn.ac.za/media-publications-reports/ukznonline/index-2.html]
[ukzn.ac.za/media-publications-reports/UKZNonline/index.html]
[z3t9t3v4.stackpathcdn.com/wp-content/uploads/2017/02/cop17.jpg]
[ukzn.ac.za/media-publications-reports/cop17/index.html]
[ukzn.ac.za/media-publications-reports/publications/4866/index.html]
[ukzn.ac.za/media-publications-reports/ukzn-ndabaonline/javascript.html]
[ukzn.ac.za/media-publications-reports/community-outreach/community-outreach-page/index.html]
[ukzn.ac.za/media-publications-reports/ntouch/ntouch/index.html]
[ukzn.ac.za/media-publications-reports/ukzndaba/javascript.html]
[ukzn.ac.za/media-publications-reports/ukzndaba/ukznndaba-page/index.html]
[ukzn.ac.za/media-publications-reports/annual-reports/annual-reports-page/index.html]
[ukzn.ac.za/media-publications-reports/research-reports/research-reports-page/index.html]
[ukzn.ac.za/media-publications-reports/reports/index.html]
[ukzn.ac.za/media-publications-reports/reports/results-of-hiv-survey/results-of-hiv-survey-page/index.html]
[ukzn.ac.za/wp-json/wp/v2/categories/240.json]
[ukzn.ac.za/category/support-services/index.html]
[ukzn.ac.za/wp-json/wp/v2/categories/92.json]
[ukzn.ac.za/category/contact-us/index.html]
[z3t9t3v4.stackpathcdn.com/wp-content/cache/wpfc-minified/140ux45c/2ifx1.css]
[z3t9t3v4.stackpathcdn.com/wp-content/uploads/elementor/css/post-180090e3c.css]
[z3t9t3v4.stackpathcdn.com/wp-content/cache/wpfc-minified/2msfwco8/2ifx1.css]
[z3t9t3v4.stackpathcdn.com/wp-content/uploads/elementor/css/post-166416182.css]
[z3t9t3v4.stackpathcdn.com/wp-content/cache/wpfc-minified/g2sittm1/2ifxd.css]
[ukzn.ac.za/wp-json/wp/v2/categories/894.json]
[ukzn.ac.za/category/graduation/index.html]
[ukzn.ac.za/category/news/index.html]
[ukzn.ac.za/graduation/list-of-2020-spring-graduands/index.html]
[ukzn.ac.za/graduation/2020-virtual-spring-graduation/index.html]
[ukzn.ac.za/graduation/unavoidable-delay-in-the-release-of-graduation-certificates/index.html]
[ukzn.ac.za/category/news/page/2/index.html]
[ukzn.ac.za/author/ukzn-admin-user/index.html]
[ukzn.ac.za/wp-json/wp/v2/posts/18620.json]
[ukzn.ac.za/author/ukzn-admin-user/page/2/index.html]
[ukzn.ac.za/wp-json/oembed/1.0/embed31e1.json]
[ukzn.ac.za/wp-json/oembed/1.0/embeded09-2]
[ukzn.ac.za/news/research-psychology-masters-students-visit-hsrc-centre/index.html]
[ukzn.ac.za/wp-json/wp/v2/posts/18617.json]
[ukzn.ac.za/wp-json/oembed/1.0/embed46b4.json]
[ukzn.ac.za/wp-json/oembed/1.0/embed2ab4]
[ukzn.ac.za/news/academic-selected-as-sa-coordinator-for-international-survey-of-peer-leaders/index.html]
[ukzn.ac.za/wp-json/wp/v2/posts/18614.json]
[ukzn.ac.za/wp-json/oembed/1.0/embed229d.json]
[ukzn.ac.za/wp-json/oembed/1.0/embed4886]
[ukzn.ac.za/news/alumnus-pens-who-bulletin-editorial/index.html]
[ukzn.ac.za/wp-json/wp/v2/posts/18611.json]
[ukzn.ac.za/wp-json/oembed/1.0/embed255d.json]
[ukzn.ac.za/wp-json/oembed/1.0/embedbba9]
[ukzn.ac.za/news/judges-impressed-by-high-school-moot-court-participants/index.html]
[ukzn.ac.za/wp-json/wp/v2/posts/18601.json]
[ukzn.ac.za/wp-json/oembed/1.0/embed93e9.json]
[ukzn.ac.za/wp-json/oembed/1.0/embed6345]
[ukzn.ac.za/news/humanities-student-is-national-poetry-slam-champion/index.html]
[ukzn.ac.za/wp-json/wp/v2/posts/18598.json]
[ukzn.ac.za/wp-json/oembed/1.0/embedd701.json]
[ukzn.ac.za/wp-json/oembed/1.0/embed6229]
[ukzn.ac.za/news/honours-student-scoops-prestigious-women-in-tech-award/index.html]
[ukzn.ac.za/news/page/2/index.html]
[ukzn.ac.za/news/herbal-bush-tea-and-its-potential-prospects-focus-of-inaugural-lecture/index.html]
[ukzn.ac.za/wp-json/oembed/1.0/embed78ae.json]
[ukzn.ac.za/wp-json/oembed/1.0/embed38f3]
[ukzn.ac.za/ukzn-notice/public-lecture-on-contesting-global-north-hegemony-in-arts-humanities-and-social-sciences/index.html]
[ukzn.ac.za/wp-json/oembed/1.0/embed41fe.json]
[ukzn.ac.za/wp-json/oembed/1.0/embedc9ec]
[ukzn.ac.za/ukzn-notice/national-development-plan-and-state-capacity-conference/index.html]
[ukzn.ac.za/wp-json/oembed/1.0/embedd7dc.json]
[ukzn.ac.za/wp-json/oembed/1.0/embed1add]
[ukzn.ac.za/ukzn-notice/50th-ellie-newman-memorial-moot-court-final/index.html]
[ukzn.ac.za/wp-json/oembed/1.0/embed21c9.json]
[ukzn.ac.za/wp-json/oembed/1.0/embed17f5]
[ukzn.ac.za/ukzn-notice/inaugural-lecture-by-professor-ursula-scharler-what-makes-ecosystems-resilient-and-persist-over-time/index.html]
[ukzn.ac.za/wp-json/oembed/1.0/embedb721.json]
[ukzn.ac.za/ukzn-notice/online-public-lecture-series-what-do-scientists-do-a-look-inside-the-ivory-tower-with-professor-tafadzwa-mabhaudhi/index.html]
[ukzn.ac.za/wp-json/oembed/1.0/embed52a7]
[ukzn.ac.za/wp-json/oembed/1.0/embed44cc.json]
[ukzn.ac.za/wp-json/oembed/1.0/embed2ca7]
[ukzn.ac.za/ukzn-notice/nobel-in-africa-physics-symposium-ii/index.html]
[ukzn.ac.za/ukzn-notices/events/page/2/index.html]
[ukzn.ac.za/ukzn-notice/nobel-in-africa-physics-symposium-i/index.html]
[ukzn.ac.za/ukzn-notice/nobel-in-africa-public-lecture/index.html]
[ukzn.ac.za/ukzn-notice/open-labs-school-of-chemistry-and-physics-westville-campus/index.html]
[ukzn.ac.za/ukzn-notice/ukzn-corporate-identity-brand-awareness-campaign-2022/index.html]
[ukzn.ac.za/ukzn-notice/webinar-being-cybersmartanytime-anywhere/index.html]
[ukzn.ac.za/wp-json/wp/v2/categories/95.json]
[ukzn.ac.za/category/explore-ukzn/index.html]
[ukzn.ac.za/ukzn-notice/clms-sss-managing-stress-and-exam-anxiety/index.html]
[ukzn.ac.za/ukzn-notice/gsbl-webinar-series-unpacking-the-concept-of-the-social-economy/index.html]
[ukzn.ac.za/ukzn-notice/clms-sss-workshop-the-imminent-exam-tips-on-how-to-successfully-prepare-for-your-exams/index.html]
[ukzn.ac.za/ukzn-notice/invitation-to-the-sixth-fountainhill-research-symposium/index.html]
[ukzn.ac.za/ukzn-notice/inaugural-lecture-by-professor-fhatuwani-mudau/index.html]
[ukzn.ac.za/ukzn-notices/events/page/3/index.html]
[ukzn.ac.za/wp-json/wp/v2/posts/5436.json]
[ukzn.ac.za/wp-json/oembed/1.0/embede3d8.json]
[ukzn.ac.za/wp-json/oembed/1.0/embeda694]
[ukzn.ac.za/visitors/visitors/index.html]
[ukzn.ac.za/category/visitors/index.html]
[ukzn.ac.za/wp-json/wp/v2/posts/5389.json]
[ukzn.ac.za/wp-json/oembed/1.0/embed2618.json]
[ukzn.ac.za/wp-json/oembed/1.0/embed6b8b]
[ukzn.ac.za/tenders/tenders/index.html]
[ukzn.ac.za/category/tenders/index.html]
[ukzn.ac.za/wp-json/wp/v2/categories/884.json]
[ukzn.ac.za/category/ipg/index.html]
[ukzn.ac.za/wp-json/wp/v2/categories/237.json]
[ukzn.ac.za/category/spotlight/index.html]
[ukzn.ac.za/category/competitions/index.html]
[ukzn.ac.za/spotlight/spotlight-on-greatness-2018/index.html]
[ukzn.ac.za/tag/spotlight-on-greatness/index.html]
[ukzn.ac.za/wp-json/wp/v2/posts/14161.json]
[ukzn.ac.za/spotlight/donate-r67-and-champion-education/index.html]
[ukzn.ac.za/spotlight/critical-thinking-and-the-changing-of-destiny/index.html]
[ukzn.ac.za/spotlight/open-days-2018/index.html]
[ukzn.ac.za/tag/open-days/index.html]
[ukzn.ac.za/spotlight/march-for-science/index.html]
[ukzn.ac.za/wp-json/oembed/1.0/embed281b.json]
[ukzn.ac.za/tag/march-for-science/index.html]
[ukzn.ac.za/tag/zero-tolerance/index.html]
[ukzn.ac.za/category/spotlight/page/2/index.html]
[ukzn.ac.za/wp-json/oembed/1.0/embed251a]
[ukzn.ac.za/spotlight/ukzn-inqubate-and-caes-innovation-competition/index.html]
[ukzn.ac.za/wp-json/wp/v2/posts/10405.json]
[ukzn.ac.za/wp-json/oembed/1.0/embeda545.json]
[ukzn.ac.za/spotlight/zero-tolerance-to-fraud-and-corruption/index.html]
[ukzn.ac.za/wp-json/oembed/1.0/embed4144]
[ukzn.ac.za/spotlight/ukzn-open-days/index.html]
[ukzn.ac.za/wp-json/wp/v2/posts/12135.json]
[ukzn.ac.za/wp-json/oembed/1.0/embed1d3e.json]
[ukzn.ac.za/wp-json/oembed/1.0/embed6c72]
[ukzn.ac.za/spotlight/share-the-festive-cheer-challenge/index.html]
[ukzn.ac.za/wp-json/wp/v2/categories/1.json]
[ukzn.ac.za/category/uncategorized/index.html]
[ukzn.ac.za/uncategorized/ukzn-hosts-online-teaching-and-learning-workshop-for-staff/index.html]
[ukzn.ac.za/uncategorized/resumption-of-the-academic-programme/index.html]
[ukzn.ac.za/uncategorized/april-2020-virtual-graduation/index.html]
[ukzn.ac.za/uncategorized/law-professor-promotes-access-to-justice-in-conflict-and-comfort-zones/index.html]
[ukzn.ac.za/wp-json/wp/v2/tags/227.json]
[ukzn.ac.za/tag/open-knowlegde/index.html]
[ukzn.ac.za/uncategorized/ukzn-a-call-for-perspective-on-our-issues-and-a-request-for-creative-engagement-on-the-way-forward/index.html]
[ukzn.ac.za/tag/students/index.html]
[ukzn.ac.za/uncategorized/nursing-students-commemorate-autism-month/index.html]
[ukzn.ac.za/uncategorized/inaugural-leadership-alumni-colloquium-a-success/index.html]
[ukzn.ac.za/uncategorized/human-rights-day-commemorated-at-ukzn/index.html]
[ukzn.ac.za/wp-json/wp/v2/tags/225.json]
[ukzn.ac.za/tag/open-ukzn/index.html]
[ukzn.ac.za/uncategorized/female-surgeons-making-inroads-in-male-dominated-operating-rooms/index.html]
[ukzn.ac.za/uncategorized/school-of-nursing-and-public-health-inducts-masters-and-phd-students/index.html]
[ukzn.ac.za/wp-json/wp/v2/tags/226.json]
[ukzn.ac.za/tag/researchspace-articles/index.html]
[ukzn.ac.za/category/uncategorized/page/2/index.html]
[ukzn.ac.za/wp-json/wp/v2/posts/10224.json]
[ukzn.ac.za/wp-json/oembed/1.0/embedc0d6.json]
[ukzn.ac.za/wp-json/oembed/1.0/embedb3bb]
[ukzn.ac.za/uncategorized/prospectus-2017/index.html]
[ukzn.ac.za/our-stories/index.html]
[ukzn.ac.za/our-stories/oregan-percival-mark-hoskins/Captainr@ukzn.ac.html]
[ukzn.ac.za/wp-json/wp/v2/categories/22.json]
[ukzn.ac.za/category/general/index.html]
[ukzn.ac.za/category/about-ukzn/page/2/index.html]
[ukzn.ac.za/uncategorized/isizulu-spellchecker/index.html]
[ukzn.ac.za/general/welcome-to-ukzn-zu-2/index.html]
[ukzn.ac.za/wp-json/wp/v2/posts/5416.json]
[ukzn.ac.za/category/about-ukzn/page/3/index.html]
[ukzn.ac.za/wp-json/oembed/1.0/embedd0d8.json]
[ukzn.ac.za/wp-json/oembed/1.0/embed6e94]
[ukzn.ac.za/students/facilities-available-to-students/index.html]
[ukzn.ac.za/wp-json/wp/v2/posts/5830.json]
[ukzn.ac.za/wp-json/oembed/1.0/embed7cce.json]
[ukzn.ac.za/wp-json/oembed/1.0/embed80c8]
[ukzn.ac.za/general/welcome-to-ukzn/index.html]
[ukzn.ac.za/wp-json/wp/v2/users/6.json]
[ukzn.ac.za/wp-json/wp/v2/posts/15946.json]
[ukzn.ac.za/wp-json/oembed/1.0/embedda8c.json]
[ukzn.ac.za/wp-json/oembed/1.0/embeddb07]
[ukzn.ac.za/news/ukzn-aids-researcher-ranked-among-the-worlds-most-highly-cited-researchers-in-2019/index.html]
[ukzn.ac.za/news/ukzns-school-of-built-environment-and-developme/index.html]
[ukzn.ac.za/wp-json/wp/v2/posts/15942.json]
[ukzn.ac.za/wp-json/oembed/1.0/embedc704.json]
[ukzn.ac.za/wp-json/oembed/1.0/embeddea9]
[ukzn.ac.za/news/education-alumnus-receives-best-thesis-award-at-saera-conference/index.html]
[ukzn.ac.za/wp-json/wp/v2/posts/15938.json]
[ukzn.ac.za/wp-json/oembed/1.0/embedf552.json]
[ukzn.ac.za/wp-json/oembed/1.0/embede706]
[ukzn.ac.za/news/crop-science-phd-candidate-wins-best-presentation-award-at-waternet-symposium/index.html]
[ukzn.ac.za/wp-json/wp/v2/posts/15930.json]
[ukzn.ac.za/wp-json/oembed/1.0/embede1e0.json]
[ukzn.ac.za/news/ukzn-launches-new-research-commons/index.html]
[ukzn.ac.za/wp-json/oembed/1.0/embed9de4]
[ukzn.ac.za/wp-json/wp/v2/posts/15925.json]
[ukzn.ac.za/wp-json/oembed/1.0/embeda8bb.json]
[ukzn.ac.za/wp-json/oembed/1.0/embedbb30]
[ukzn.ac.za/news/clinical-supervision-workshop-at-ukzn/index.html]
[ukzn.ac.za/wp-json/wp/v2/posts/15920.json]
[ukzn.ac.za/wp-json/oembed/1.0/embedb046.json]
[ukzn.ac.za/news/innovative-postharvest-technologies-the-answer-bioresources-engineer/index.html]
[ukzn.ac.za/wp-json/oembed/1.0/embed3b56]
[ukzn.ac.za/news/clms-professors-on-ukzn-top-researchers-list/index.html]
[ukzn.ac.za/wp-json/wp/v2/posts/15575.json]
[ukzn.ac.za/wp-json/oembed/1.0/embed0687.json]
[ukzn.ac.za/news/ukzn-lecturer-a-finalist-in-saica-competition/index.html]
[ukzn.ac.za/wp-json/oembed/1.0/embedb395]
[ukzn.ac.za/wp-json/wp/v2/posts/15569.json]
[ukzn.ac.za/news/ukzns-one-young-world-challenge-inspires-greatness-on-a-global-front/index.html]
[ukzn.ac.za/wp-json/oembed/1.0/embedd506.json]
[ukzn.ac.za/wp-json/oembed/1.0/embed7318]
[ukzn.ac.za/news/accidental-scientist-tackles-food-insecurity/index.html]
[ukzn.ac.za/news/standard-bank-top-women-awards-nod-to-ukzn-sarchi-chair/index.html]
[ukzn.ac.za/wp-json/wp/v2/categories/27.json]
[ukzn.ac.za/category/people/index.html]
[ukzn.ac.za/wp-json/wp/v2/posts/15469.json]
[ukzn.ac.za/wp-json/oembed/1.0/embedfdae.json]
[ukzn.ac.za/parents-update/parents-update-from-ukzn/index.html]
[ukzn.ac.za/wp-json/oembed/1.0/embed8f57]
[ukzn.ac.za/wp-json/wp/v2/categories/890.json]
[ukzn.ac.za/category/parents-update/index.html]
[ukzn.ac.za/parents-update/parents-update-on-covid-19/index.html]
[ukzn.ac.za/parents-update/confirmed-students-permitted-to-return-to-campus-under-level-3-lockdown/index.html]
[ukzn.ac.za/parents-update/response-to-16-june-movement-on-illegal-occupation-of-residences/index.html]
[ukzn.ac.za/wp-json/wp/v2/posts/15281.json]
[ukzn.ac.za/wp-json/oembed/1.0/embedb771.json]
[ukzn.ac.za/news/distinguished-teachers-awards-for-ukzn-academics/index.html]
[ukzn.ac.za/author/bharat/page/2/index.html]
[ukzn.ac.za/wp-json/oembed/1.0/embeda394]
[ukzn.ac.za/news/school-of-engineering-on-show-at-cars-in-the-park/index.html]
[ukzn.ac.za/wp-json/wp/v2/posts/4298.json]
